Archive member included to satisfy reference by file (symbol)

c:/program files/microchip/xc32/v3.01/bin/bin/../../lib/gcc/pic32c/8.3.1/../../../../pic32c/lib/thumb/v7e-m+fp/hard\libpic32c.a(data_init.o)
                              build/sam_e51_cnano/production/_ext/570918426/startup_xc32.o (__pic32c_data_initialization)
c:/program files/microchip/xc32/v3.01/bin/bin/../../lib/gcc/pic32c/8.3.1/thumb/v7e-m+fp/hard\libgcc.a(_aeabi_uldivmod.o)
                              build/sam_e51_cnano/production/_ext/314480351/plib_sercom5_usart.o (__aeabi_uldivmod)
c:/program files/microchip/xc32/v3.01/bin/bin/../../lib/gcc/pic32c/8.3.1/thumb/v7e-m+fp/hard\libgcc.a(_udivmoddi4.o)
                              c:/program files/microchip/xc32/v3.01/bin/bin/../../lib/gcc/pic32c/8.3.1/thumb/v7e-m+fp/hard\libgcc.a(_aeabi_uldivmod.o) (__udivmoddi4)
c:/program files/microchip/xc32/v3.01/bin/bin/../../lib/gcc/pic32c/8.3.1/thumb/v7e-m+fp/hard\libgcc.a(_dvmd_tls.o)
                              c:/program files/microchip/xc32/v3.01/bin/bin/../../lib/gcc/pic32c/8.3.1/thumb/v7e-m+fp/hard\libgcc.a(_aeabi_uldivmod.o) (__aeabi_ldiv0)
c:/program files/microchip/xc32/v3.01/bin/bin/../../lib/gcc/pic32c/8.3.1/../../../../pic32c/lib/thumb/v7e-m+fp/hard\libc_nano.a(_lib_a-sprintf.s.o)
                              (_sprintf_s)
c:/program files/microchip/xc32/v3.01/bin/bin/../../lib/gcc/pic32c/8.3.1/../../../../pic32c/lib/thumb/v7e-m+fp/hard\libc_nano.a(lib_a-init.o)
                              build/sam_e51_cnano/production/_ext/570918426/startup_xc32.o (__libc_init_array)
c:/program files/microchip/xc32/v3.01/bin/bin/../../lib/gcc/pic32c/8.3.1/../../../../pic32c/lib/thumb/v7e-m+fp/hard\libc_nano.a(lib_a-memcpy-stub.o)
                              build/sam_e51_cnano/production/_ext/226030394/plib_nvmctrl.o (memcpy)
c:/program files/microchip/xc32/v3.01/bin/bin/../../lib/gcc/pic32c/8.3.1/../../../../pic32c/lib/thumb/v7e-m+fp/hard\libc_nano.a(lib_a-memset.o)
                              build/sam_e51_cnano/production/_ext/1360937237/main_sam_e51_cnano.o (memset)
c:/program files/microchip/xc32/v3.01/bin/bin/../../lib/gcc/pic32c/8.3.1/../../../../pic32c/lib/thumb/v7e-m+fp/hard\libc_nano.a(lib_a-strlen.o)
                              build/sam_e51_cnano/production/_ext/1360937237/main_sam_e51_cnano.o (strlen)
c:/program files/microchip/xc32/v3.01/bin/bin/../../lib/gcc/pic32c/8.3.1/../../../../pic32c/lib/thumb/v7e-m+fp/hard\libc_nano.a(_lib_a-nano-vfprintf.s.o)
                              c:/program files/microchip/xc32/v3.01/bin/bin/../../lib/gcc/pic32c/8.3.1/../../../../pic32c/lib/thumb/v7e-m+fp/hard\libc_nano.a(_lib_a-sprintf.s.o) (_vfprintf_s)
c:/program files/microchip/xc32/v3.01/bin/bin/../../lib/gcc/pic32c/8.3.1/../../../../pic32c/lib/thumb/v7e-m+fp/hard\libc_nano.a(lib_a-__ssfputs.o)
                              c:/program files/microchip/xc32/v3.01/bin/bin/../../lib/gcc/pic32c/8.3.1/../../../../pic32c/lib/thumb/v7e-m+fp/hard\libc_nano.a(_lib_a-nano-vfprintf.s.o) (__ssfputs_r)
c:/program files/microchip/xc32/v3.01/bin/bin/../../lib/gcc/pic32c/8.3.1/../../../../pic32c/lib/thumb/v7e-m+fp/hard\libc_nano.a(lib_a-findfp.o)
                              c:/program files/microchip/xc32/v3.01/bin/bin/../../lib/gcc/pic32c/8.3.1/../../../../pic32c/lib/thumb/v7e-m+fp/hard\libc_nano.a(_lib_a-nano-vfprintf.s.o) (__sinit)
c:/program files/microchip/xc32/v3.01/bin/bin/../../lib/gcc/pic32c/8.3.1/../../../../pic32c/lib/thumb/v7e-m+fp/hard\libc_nano.a(lib_a-fputwc.o)
                              c:/program files/microchip/xc32/v3.01/bin/bin/../../lib/gcc/pic32c/8.3.1/../../../../pic32c/lib/thumb/v7e-m+fp/hard\libc_nano.a(lib_a-__ssfputs.o) (_fputwc_r)
c:/program files/microchip/xc32/v3.01/bin/bin/../../lib/gcc/pic32c/8.3.1/../../../../pic32c/lib/thumb/v7e-m+fp/hard\libc_nano.a(lib_a-fwalk.o)
                              c:/program files/microchip/xc32/v3.01/bin/bin/../../lib/gcc/pic32c/8.3.1/../../../../pic32c/lib/thumb/v7e-m+fp/hard\libc_nano.a(lib_a-findfp.o) (_fwalk_reent)
c:/program files/microchip/xc32/v3.01/bin/bin/../../lib/gcc/pic32c/8.3.1/../../../../pic32c/lib/thumb/v7e-m+fp/hard\libc_nano.a(lib_a-impure.o)
                              c:/program files/microchip/xc32/v3.01/bin/bin/../../lib/gcc/pic32c/8.3.1/../../../../pic32c/lib/thumb/v7e-m+fp/hard\libc_nano.a(lib_a-findfp.o) (_global_impure_ptr)
c:/program files/microchip/xc32/v3.01/bin/bin/../../lib/gcc/pic32c/8.3.1/../../../../pic32c/lib/thumb/v7e-m+fp/hard\libc_nano.a(lib_a-locale.o)
                              c:/program files/microchip/xc32/v3.01/bin/bin/../../lib/gcc/pic32c/8.3.1/../../../../pic32c/lib/thumb/v7e-m+fp/hard\libc_nano.a(lib_a-fputwc.o) (__locale_mb_cur_max)
c:/program files/microchip/xc32/v3.01/bin/bin/../../lib/gcc/pic32c/8.3.1/../../../../pic32c/lib/thumb/v7e-m+fp/hard\libc_nano.a(lib_a-mbtowc_r.o)
[...]
Memory Configuration

Name             Origin             Length             Attributes
rom              0x00000000         0x00100000         xrl
ram              0x20000000         0x00040000         xw !r
tcm              0x03000000         0x00000000         xw
config_00804000  0x00804000         0x00000004
config_00804008  0x00804008         0x00000004
config_00804004  0x00804004         0x00000004
*default*        0x00000000         0xffffffff

Linker script and memory map

LOAD c:/program files/microchip/xc32/v3.01/bin/bin/../../lib/gcc/pic32c/8.3.1/thumb/v7e-m+fp/hard/crti.o
LOAD c:/program files/microchip/xc32/v3.01/bin/bin/../../lib/gcc/pic32c/8.3.1/thumb/v7e-m+fp/hard/crtbegin.o
LOAD build/sam_e51_cnano/production/_ext/570918426/DplSpd.o
LOAD build/sam_e51_cnano/production/_ext/7187140/plib_clock.o
LOAD build/sam_e51_cnano/production/_ext/831051564/plib_cmcc.o
LOAD build/sam_e51_cnano/production/_ext/831021835/plib_dmac.o
LOAD build/sam_e51_cnano/production/_ext/1220119669/plib_eic.o
LOAD build/sam_e51_cnano/production/_ext/9336626/plib_evsys.o
LOAD build/sam_e51_cnano/production/_ext/830715028/plib_nvic.o
LOAD build/sam_e51_cnano/production/_ext/226030394/plib_nvmctrl.o
LOAD build/sam_e51_cnano/production/_ext/830661877/plib_port.o
LOAD build/sam_e51_cnano/production/_ext/1220132503/plib_rtc_timer.o
LOAD build/sam_e51_cnano/production/_ext/314480351/plib_sercom5_usart.o
LOAD build/sam_e51_cnano/production/_ext/1220133898/plib_tcc0.o
LOAD build/sam_e51_cnano/production/_ext/865175840/xc32_monitor.o
LOAD build/sam_e51_cnano/production/_ext/570918426/initialization.o
LOAD build/sam_e51_cnano/production/_ext/570918426/interrupts.o
LOAD build/sam_e51_cnano/production/_ext/570918426/exceptions.o
LOAD build/sam_e51_cnano/production/_ext/570918426/startup_xc32.o
LOAD build/sam_e51_cnano/production/_ext/570918426/libc_syscalls.o
LOAD build/sam_e51_cnano/production/_ext/1360937237/main_sam_e51_cnano.o
LOAD build/sam_e51_cnano/production/_ext/570918426/DplSYSTICK.o
LOAD build/sam_e51_cnano/production/_ext/570918426/DplBrk.o
LOAD ..\src\packs\CMSIS\CMSIS\DSP\Lib\GCC\libarm_cortexM4lf_math.a
                0x00000001                __MPLAB_BUILD = 0x1
                0x00100000                __rom_end = (ORIGIN (rom) + LENGTH (rom))
                0x20040000                __ram_end = (ORIGIN (ram) + LENGTH (ram))

.config_00804000
                0x00804000        0x4
 *(.config_00804000)
 .config_00804000
                0x00804000        0x4 build/sam_e51_cnano/production/_ext/570918426/initialization.o
                0x00804000                __config_00804000

.config_00804008
                0x00804008        0x4
 *(.config_00804008)
 .config_00804008
                0x00804008        0x4 build/sam_e51_cnano/production/_ext/570918426/initialization.o
                0x00804008                __config_00804008

.config_00804004
                0x00804004        0x4
 *(.config_00804004)
 .config_00804004
                0x00804004        0x4 build/sam_e51_cnano/production/_ext/570918426/initialization.o
                0x00804004                __config_00804004

.vectors        0x00000000      0x260
                0x00000000                . = ALIGN (0x4)
                0x00000000                _sfixed = .
 *(.vectors .vectors.* .vectors_default .vectors_default.*)
 .vectors       0x00000000      0x260 build/sam_e51_cnano/production/_ext/570918426/interrupts.o
                0x00000000                exception_table
 *(.isr_vector)
 *(.reset*)
 *(.after_vectors)

.text           0x00000260       0x20
                0x00000260                . = ALIGN (0x4)
 *(.glue_7t)
 .glue_7t       0x00000260        0x0 linker stubs
 *(.glue_7)
 .glue_7        0x00000260        0x0 linker stubs
 *(.gnu.linkonce.r.*)
 *(.ARM.extab* .gnu.linkonce.armextab.*)
                0x00000260                . = ALIGN (0x4)
 *(.init)
 .init          0x00000260        0x4 c:/program files/microchip/xc32/v3.01/bin/bin/../../lib/gcc/pic32c/8.3.1/thumb/v7e-m+fp/hard/crti.o
                0x00000260                _init
 .init          0x00000264        0x8 c:/program files/microchip/xc32/v3.01/bin/bin/../../lib/gcc/pic32c/8.3.1/thumb/v7e-m+fp/hard/crtn.o
                0x0000026c                . = ALIGN (0x4)
                0x0000026c                __preinit_array_start = .
 *(.preinit_array)
                0x0000026c                __preinit_array_end = .
                0x0000026c                . = ALIGN (0x4)
                0x0000026c                __init_array_start = .
 *(SORT_BY_NAME(.init_array.*))
 *(.init_array)
 .init_array    0x0000026c        0x4 c:/program files/microchip/xc32/v3.01/bin/bin/../../lib/gcc/pic32c/8.3.1/thumb/v7e-m+fp/hard/crtbegin.o
                0x00000270                __init_array_end = .
                0x00000270                . = ALIGN (0x4)
 *crtbegin.o(.ctors)
 *(EXCLUDE_FILE(*crtend.o) .ctors)
 *(SORT_BY_NAME(.ctors.*))
 *crtend.o(.ctors)
                0x00000270                . = ALIGN (0x4)
 *(.fini)
 .fini          0x00000270        0x4 c:/program files/microchip/xc32/v3.01/bin/bin/../../lib/gcc/pic32c/8.3.1/thumb/v7e-m+fp/hard/crti.o
                0x00000270                _fini
 .fini          0x00000274        0x8 c:/program files/microchip/xc32/v3.01/bin/bin/../../lib/gcc/pic32c/8.3.1/thumb/v7e-m+fp/hard/crtn.o
                0x0000027c                . = ALIGN (0x4)
                0x0000027c                __fini_array_start = .
 *(.fini_array)
 .fini_array    0x0000027c        0x4 c:/program files/microchip/xc32/v3.01/bin/bin/../../lib/gcc/pic32c/8.3.1/thumb/v7e-m+fp/hard/crtbegin.o
 *(SORT_BY_NAME(.fini_array.*))
                0x00000280                __fini_array_end = .
 *crtbegin.o(.dtors)
 *(EXCLUDE_FILE(*crtend.o) .dtors)
 *(SORT_BY_NAME(.dtors.*))
 *crtend.o(.dtors)
                0x00000280                . = ALIGN (0x4)
                0x00000280                _efixed = .
                [!provide]                PROVIDE (__exidx_start = .)

.ARM.exidx
 *(.ARM.exidx* .gnu.linkonce.armexidx.*)
                [!provide]                PROVIDE (__exidx_end = .)
                0x00000280                . = ALIGN (0x4)
                0x00000280                _etext = .

.bss            0x20000000        0x4
                0x20000000                . = ALIGN (0x4)
                0x20000000                __bss_start__ = .
                0x20000000                _sbss = .
                0x20000000                _szero = .
 *(COMMON)
 COMMON         0x20000000        0x4 c:/program files/microchip/xc32/v3.01/bin/bin/../../lib/gcc/pic32c/8.3.1/../../../../pic32c/lib/thumb/v7e-m+fp/hard\libc_nano.a(lib_a-reent.o)
                0x20000000                errno
                0x20000004                . = ALIGN (0x4)
                0x20000004                __bss_end__ = .
                0x20000004                _ebss = .
                0x20000004                _ezero = .
                0x20000004                . = ALIGN (0x4)
                0x20000004                _end = .
                0x2003ffff                _ram_end_ = ((ORIGIN (ram) + LENGTH (ram)) - 0x1)
                0x00000200                _min_heap_size = 0x200
START GROUP
LOAD c:/program files/microchip/xc32/v3.01/bin/bin/../../lib/gcc/pic32c/8.3.1/../../../../pic32c/lib/thumb/v7e-m+fp/hard\libpic32c.a
LOAD c:/program files/microchip/xc32/v3.01/bin/bin/../../lib/gcc/pic32c/8.3.1/thumb/v7e-m+fp/hard\libgcc.a
LOAD c:/program files/microchip/xc32/v3.01/bin/bin/../../lib/gcc/pic32c/8.3.1/../../../../pic32c/lib/thumb/v7e-m+fp/hard\libm_nano.a
LOAD c:/program files/microchip/xc32/v3.01/bin/bin/../../lib/gcc/pic32c/8.3.1/../../../../pic32c/lib/thumb/v7e-m+fp/hard\libc_nano.a
END GROUP
LOAD c:/program files/microchip/xc32/v3.01/bin/bin/../../lib/gcc/pic32c/8.3.1/thumb/v7e-m+fp/hard/crtend.o
LOAD c:/program files/microchip/xc32/v3.01/bin/bin/../../lib/gcc/pic32c/8.3.1/thumb/v7e-m+fp/hard/crtn.o
OUTPUT(dist/sam_e51_cnano/production/sam_e51_cnano.X.production.elf elf32-littlearm)
LOAD stack
LOAD data_init

.ARM.attributes
                0x00000000       0x30
 .ARM.attributes
                0x00000000       0x1e c:/program files/microchip/xc32/v3.01/bin/bin/../../lib/gcc/pic32c/8.3.1/thumb/v7e-m+fp/hard/crti.o
 .ARM.attributes
                0x0000001e       0x34 c:/program files/microchip/xc32/v3.01/bin/bin/../../lib/gcc/pic32c/8.3.1/thumb/v7e-m+fp/hard/crtbegin.o
 .ARM.attributes
                0x00000052       0x34 build/sam_e51_cnano/production/_ext/570918426/DplSpd.o
 .ARM.attributes
                0x00000086       0x34 build/sam_e51_cnano/production/_ext/7187140/plib_clock.o
 .ARM.attributes
                0x000000ba       0x34 build/sam_e51_cnano/production/_ext/831021835/plib_dmac.o
 .ARM.attributes
                0x000000ee       0x34 build/sam_e51_cnano/production/_ext/1220119669/plib_eic.o
 .ARM.attributes
                0x00000122       0x34 build/sam_e51_cnano/production/_ext/9336626/plib_evsys.o
 .ARM.attributes
                0x00000156       0x34 build/sam_e51_cnano/production/_ext/830715028/plib_nvic.o
 .ARM.attributes
                0x0000018a       0x34 build/sam_e51_cnano/production/_ext/226030394/plib_nvmctrl.o
 .ARM.attributes
                0x000001be       0x34 build/sam_e51_cnano/production/_ext/830661877/plib_port.o
 .ARM.attributes
                0x000001f2       0x34 build/sam_e51_cnano/production/_ext/1220132503/plib_rtc_timer.o
 .ARM.attributes
                0x00000226       0x34 build/sam_e51_cnano/production/_ext/314480351/plib_sercom5_usart.o
 .ARM.attributes
                0x0000025a       0x34 build/sam_e51_cnano/production/_ext/1220133898/plib_tcc0.o
 .ARM.attributes
                0x0000028e       0x34 build/sam_e51_cnano/production/_ext/865175840/xc32_monitor.o
 .ARM.attributes
                0x000002c2       0x34 build/sam_e51_cnano/production/_ext/570918426/initialization.o
 .ARM.attributes
                0x000002f6       0x34 build/sam_e51_cnano/production/_ext/570918426/interrupts.o
 .ARM.attributes
                0x0000032a       0x34 build/sam_e51_cnano/production/_ext/570918426/exceptions.o
 .ARM.attributes
                0x0000035e       0x34 build/sam_e51_cnano/production/_ext/570918426/startup_xc32.o
 .ARM.attributes
                0x00000392       0x34 build/sam_e51_cnano/production/_ext/1360937237/main_sam_e51_cnano.o
 .ARM.attributes
                0x000003c6       0x34 build/sam_e51_cnano/production/_ext/570918426/DplSYSTICK.o
 .ARM.attributes
                0x000003fa       0x34 build/sam_e51_cnano/production/_ext/570918426/DplBrk.o
 .ARM.attributes
                0x0000042e       0x34 c:/program files/microchip/xc32/v3.01/bin/bin/../../lib/gcc/pic32c/8.3.1/../../../../pic32c/lib/thumb/v7e-m+fp/hard\libpic32c.a(data_init.o)
 .ARM.attributes
                0x00000462       0x34 c:/program files/microchip/xc32/v3.01/bin/bin/../../lib/gcc/pic32c/8.3.1/../../../../pic32c/lib/thumb/v7e-m+fp/hard\libc_nano.a(_lib_a-sprintf.s.o)
 .ARM.attributes
                0x00000496       0x34 c:/program files/microchip/xc32/v3.01/bin/bin/../../lib/gcc/pic32c/8.3.1/../../../../pic32c/lib/thumb/v7e-m+fp/hard\libc_nano.a(lib_a-init.o)
 .ARM.attributes
                0x000004ca       0x34 c:/program files/microchip/xc32/v3.01/bin/bin/../../lib/gcc/pic32c/8.3.1/../../../../pic32c/lib/thumb/v7e-m+fp/hard\libc_nano.a(lib_a-memset.o)
 .ARM.attributes
                0x000004fe       0x17 c:/program files/microchip/xc32/v3.01/bin/bin/../../lib/gcc/pic32c/8.3.1/../../../../pic32c/lib/thumb/v7e-m+fp/hard\libc_nano.a(lib_a-strlen.o)
 .ARM.attributes
                0x00000515       0x34 c:/program files/microchip/xc32/v3.01/bin/bin/../../lib/gcc/pic32c/8.3.1/../../../../pic32c/lib/thumb/v7e-m+fp/hard\libc_nano.a(_lib_a-nano-vfprintf.s.o)
 .ARM.attributes
                0x00000549       0x34 c:/program files/microchip/xc32/v3.01/bin/bin/../../lib/gcc/pic32c/8.3.1/../../../../pic32c/lib/thumb/v7e-m+fp/hard\libc_nano.a(lib_a-__ssfputs.o)
 .ARM.attributes
                0x0000057d       0x34 c:/program files/microchip/xc32/v3.01/bin/bin/../../lib/gcc/pic32c/8.3.1/../../../../pic32c/lib/thumb/v7e-m+fp/hard\libc_nano.a(lib_a-findfp.o)
 .ARM.attributes
                0x000005b1       0x34 c:/program files/microchip/xc32/v3.01/bin/bin/../../lib/gcc/pic32c/8.3.1/../../../../pic32c/lib/thumb/v7e-m+fp/hard\libc_nano.a(lib_a-fputwc.o)
 .ARM.attributes
                0x000005e5       0x34 c:/program files/microchip/xc32/v3.01/bin/bin/../../lib/gcc/pic32c/8.3.1/../../../../pic32c/lib/thumb/v7e-m+fp/hard\libc_nano.a(lib_a-fwalk.o)
 .ARM.attributes
                0x00000619       0x32 c:/program files/microchip/xc32/v3.01/bin/bin/../../lib/gcc/pic32c/8.3.1/../../../../pic32c/lib/thumb/v7e-m+fp/hard\libc_nano.a(lib_a-impure.o)
 .ARM.attributes
                0x0000064b       0x34 c:/program files/microchip/xc32/v3.01/bin/bin/../../lib/gcc/pic32c/8.3.1/../../../../pic32c/lib/thumb/v7e-m+fp/hard\libc_nano.a(lib_a-locale.o)
 .ARM.attributes
                0x0000067f       0x34 c:/program files/microchip/xc32/v3.01/bin/bin/../../lib/gcc/pic32c/8.3.1/../../../../pic32c/lib/thumb/v7e-m+fp/hard\libc_nano.a(lib_a-mbtowc_r.o)
 .ARM.attributes
                0x000006b3       0x1c c:/program files/microchip/xc32/v3.01/bin/bin/../../lib/gcc/pic32c/8.3.1/../../../../pic32c/lib/thumb/v7e-m+fp/hard\libc_nano.a(lib_a-memchr.o)
 .ARM.attributes
                0x000006cf       0x34 c:/program files/microchip/xc32/v3.01/bin/bin/../../lib/gcc/pic32c/8.3.1/../../../../pic32c/lib/thumb/v7e-m+fp/hard\libc_nano.a(lib_a-nano-mallocr.o)
 .ARM.attributes
                0x00000703       0x34 c:/program files/microchip/xc32/v3.01/bin/bin/../../lib/gcc/pic32c/8.3.1/../../../../pic32c/lib/thumb/v7e-m+fp/hard\libc_nano.a(lib_a-nano-vfprintf_i.o)
 .ARM.attributes
                0x00000737       0x34 c:/program files/microchip/xc32/v3.01/bin/bin/../../lib/gcc/pic32c/8.3.1/../../../../pic32c/lib/thumb/v7e-m+fp/hard\libc_nano.a(lib_a-sbrkr.o)
 .ARM.attributes
                0x0000076b       0x34 c:/program files/microchip/xc32/v3.01/bin/bin/../../lib/gcc/pic32c/8.3.1/../../../../pic32c/lib/thumb/v7e-m+fp/hard\libc_nano.a(lib_a-stdio.o)
 .ARM.attributes
                0x0000079f       0x34 c:/program files/microchip/xc32/v3.01/bin/bin/../../lib/gcc/pic32c/8.3.1/../../../../pic32c/lib/thumb/v7e-m+fp/hard\libc_nano.a(lib_a-wbuf.o)
 .ARM.attributes
                0x000007d3       0x34 c:/program files/microchip/xc32/v3.01/bin/bin/../../lib/gcc/pic32c/8.3.1/../../../../pic32c/lib/thumb/v7e-m+fp/hard\libc_nano.a(lib_a-wcrtomb.o)
 .ARM.attributes
                0x00000807       0x34 c:/program files/microchip/xc32/v3.01/bin/bin/../../lib/gcc/pic32c/8.3.1/../../../../pic32c/lib/thumb/v7e-m+fp/hard\libc_nano.a(lib_a-wctomb_r.o)
 .ARM.attributes
                0x0000083b       0x34 c:/program files/microchip/xc32/v3.01/bin/bin/../../lib/gcc/pic32c/8.3.1/../../../../pic32c/lib/thumb/v7e-m+fp/hard\libc_nano.a(lib_a-writer.o)
 .ARM.attributes
                0x0000086f       0x34 c:/program files/microchip/xc32/v3.01/bin/bin/../../lib/gcc/pic32c/8.3.1/../../../../pic32c/lib/thumb/v7e-m+fp/hard\libc_nano.a(lib_a-wsetup.o)
 .ARM.attributes
                0x000008a3       0x34 c:/program files/microchip/xc32/v3.01/bin/bin/../../lib/gcc/pic32c/8.3.1/../../../../pic32c/lib/thumb/v7e-m+fp/hard\libc_nano.a(lib_a-closer.o)
 .ARM.attributes
                0x000008d7       0x32 c:/program files/microchip/xc32/v3.01/bin/bin/../../lib/gcc/pic32c/8.3.1/../../../../pic32c/lib/thumb/v7e-m+fp/hard\libc_nano.a(lib_a-ctype_.o)
 .ARM.attributes
                0x00000909       0x34 c:/program files/microchip/xc32/v3.01/bin/bin/../../lib/gcc/pic32c/8.3.1/../../../../pic32c/lib/thumb/v7e-m+fp/hard\libc_nano.a(lib_a-fflush.o)
 .ARM.attributes
                0x0000093d       0x34 c:/program files/microchip/xc32/v3.01/bin/bin/../../lib/gcc/pic32c/8.3.1/../../../../pic32c/lib/thumb/v7e-m+fp/hard\libc_nano.a(lib_a-lseekr.o)
 .ARM.attributes
                0x00000971       0x34 c:/program files/microchip/xc32/v3.01/bin/bin/../../lib/gcc/pic32c/8.3.1/../../../../pic32c/lib/thumb/v7e-m+fp/hard\libc_nano.a(lib_a-makebuf.o)
 .ARM.attributes
                0x000009a5       0x34 c:/program files/microchip/xc32/v3.01/bin/bin/../../lib/gcc/pic32c/8.3.1/../../../../pic32c/lib/thumb/v7e-m+fp/hard\libc_nano.a(lib_a-mlock.o)
 .ARM.attributes
                0x000009d9       0x34 c:/program files/microchip/xc32/v3.01/bin/bin/../../lib/gcc/pic32c/8.3.1/../../../../pic32c/lib/thumb/v7e-m+fp/hard\libc_nano.a(lib_a-nano-freer.o)
 .ARM.attributes
                0x00000a0d       0x34 c:/program files/microchip/xc32/v3.01/bin/bin/../../lib/gcc/pic32c/8.3.1/../../../../pic32c/lib/thumb/v7e-m+fp/hard\libc_nano.a(lib_a-readr.o)
 .ARM.attributes
                0x00000a41       0x34 c:/program files/microchip/xc32/v3.01/bin/bin/../../lib/gcc/pic32c/8.3.1/../../../../pic32c/lib/thumb/v7e-m+fp/hard\libc_nano.a(lib_a-reent.o)
 .ARM.attributes
                0x00000a75       0x34 c:/program files/microchip/xc32/v3.01/bin/bin/../../lib/gcc/pic32c/8.3.1/../../../../pic32c/lib/thumb/v7e-m+fp/hard\libc_nano.a(lib_a-fstatr.o)
 .ARM.attributes
                0x00000aa9       0x34 c:/program files/microchip/xc32/v3.01/bin/bin/../../lib/gcc/pic32c/8.3.1/../../../../pic32c/lib/thumb/v7e-m+fp/hard\libc_nano.a(lib_a-isattyr.o)
 .ARM.attributes
                0x00000add       0x34 c:/program files/microchip/xc32/v3.01/bin/bin/../../lib/gcc/pic32c/8.3.1/../../../../pic32c/lib/thumb/v7e-m+fp/hard\libpic32c.a(_close.o)
 .ARM.attributes
                0x00000b11       0x34 c:/program files/microchip/xc32/v3.01/bin/bin/../../lib/gcc/pic32c/8.3.1/../../../../pic32c/lib/thumb/v7e-m+fp/hard\libpic32c.a(_fstat.o)
 .ARM.attributes
                0x00000b45       0x34 c:/program files/microchip/xc32/v3.01/bin/bin/../../lib/gcc/pic32c/8.3.1/../../../../pic32c/lib/thumb/v7e-m+fp/hard\libpic32c.a(_isatty.o)
 .ARM.attributes
                0x00000b79       0x34 c:/program files/microchip/xc32/v3.01/bin/bin/../../lib/gcc/pic32c/8.3.1/../../../../pic32c/lib/thumb/v7e-m+fp/hard\libpic32c.a(_lseek.o)
 .ARM.attributes
                0x00000bad       0x34 c:/program files/microchip/xc32/v3.01/bin/bin/../../lib/gcc/pic32c/8.3.1/../../../../pic32c/lib/thumb/v7e-m+fp/hard\libpic32c.a(_read.o)
 .ARM.attributes
                0x00000be1       0x34 c:/program files/microchip/xc32/v3.01/bin/bin/../../lib/gcc/pic32c/8.3.1/../../../../pic32c/lib/thumb/v7e-m+fp/hard\libpic32c.a(sbrk.o)
 .ARM.attributes
                0x00000c15       0x34 c:/program files/microchip/xc32/v3.01/bin/bin/../../lib/gcc/pic32c/8.3.1/../../../../pic32c/lib/thumb/v7e-m+fp/hard\libpic32c.a(_write.o)
 .ARM.attributes
                0x00000c49       0x34 c:/program files/microchip/xc32/v3.01/bin/bin/../../lib/gcc/pic32c/8.3.1/../../../../pic32c/lib/thumb/v7e-m+fp/hard\libpic32c.a(close.o)
 .ARM.attributes
                0x00000c7d       0x34 c:/program files/microchip/xc32/v3.01/bin/bin/../../lib/gcc/pic32c/8.3.1/../../../../pic32c/lib/thumb/v7e-m+fp/hard\libpic32c.a(fstat.o)
 .ARM.attributes
                0x00000cb1       0x34 c:/program files/microchip/xc32/v3.01/bin/bin/../../lib/gcc/pic32c/8.3.1/../../../../pic32c/lib/thumb/v7e-m+fp/hard\libpic32c.a(isatty.o)
 .ARM.attributes
                0x00000ce5       0x34 c:/program files/microchip/xc32/v3.01/bin/bin/../../lib/gcc/pic32c/8.3.1/../../../../pic32c/lib/thumb/v7e-m+fp/hard\libpic32c.a(lseek.o)
 .ARM.attributes
                0x00000d19       0x34 c:/program files/microchip/xc32/v3.01/bin/bin/../../lib/gcc/pic32c/8.3.1/../../../../pic32c/lib/thumb/v7e-m+fp/hard\libpic32c.a(read.o)
 .ARM.attributes
                0x00000d4d       0x34 c:/program files/microchip/xc32/v3.01/bin/bin/../../lib/gcc/pic32c/8.3.1/../../../../pic32c/lib/thumb/v7e-m+fp/hard\libpic32c.a(write.o)
 .ARM.attributes
                0x00000d81       0x1e c:/program files/microchip/xc32/v3.01/bin/bin/../../lib/gcc/pic32c/8.3.1/thumb/v7e-m+fp/hard/crtn.o

.comment        0x00000000       0x53
 .comment       0x00000000       0x53 c:/program files/microchip/xc32/v3.01/bin/bin/../../lib/gcc/pic32c/8.3.1/thumb/v7e-m+fp/hard/crtbegin.o
                                 0x54 (size before relaxing)
 .comment       0x00000053       0x54 build/sam_e51_cnano/production/_ext/570918426/DplSpd.o
 .comment       0x00000053       0x54 build/sam_e51_cnano/production/_ext/7187140/plib_clock.o
 .comment       0x00000053       0x54 build/sam_e51_cnano/production/_ext/831021835/plib_dmac.o
 .comment       0x00000053       0x54 build/sam_e51_cnano/production/_ext/1220119669/plib_eic.o
 .comment       0x00000053       0x54 build/sam_e51_cnano/production/_ext/9336626/plib_evsys.o
 .comment       0x00000053       0x54 build/sam_e51_cnano/production/_ext/830715028/plib_nvic.o
 .comment       0x00000053       0x54 build/sam_e51_cnano/production/_ext/226030394/plib_nvmctrl.o
 .comment       0x00000053       0x54 build/sam_e51_cnano/production/_ext/830661877/plib_port.o
 .comment       0x00000053       0x54 build/sam_e51_cnano/production/_ext/1220132503/plib_rtc_timer.o
 .comment       0x00000053       0x54 build/sam_e51_cnano/production/_ext/314480351/plib_sercom5_usart.o
 .comment       0x00000053       0x54 build/sam_e51_cnano/production/_ext/1220133898/plib_tcc0.o
 .comment       0x00000053       0x54 build/sam_e51_cnano/production/_ext/865175840/xc32_monitor.o
 .comment       0x00000053       0x54 build/sam_e51_cnano/production/_ext/570918426/initialization.o
 .comment       0x00000053       0x54 build/sam_e51_cnano/production/_ext/570918426/interrupts.o
 .comment       0x00000053       0x54 build/sam_e51_cnano/production/_ext/570918426/exceptions.o
 .comment       0x00000053       0x54 build/sam_e51_cnano/production/_ext/570918426/startup_xc32.o
 .comment       0x00000053       0x54 build/sam_e51_cnano/production/_ext/1360937237/main_sam_e51_cnano.o
 .comment       0x00000053       0x54 build/sam_e51_cnano/production/_ext/570918426/DplSYSTICK.o
 .comment       0x00000053       0x54 build/sam_e51_cnano/production/_ext/570918426/DplBrk.o
 .comment       0x00000053       0x54 c:/program files/microchip/xc32/v3.01/bin/bin/../../lib/gcc/pic32c/8.3.1/../../../../pic32c/lib/thumb/v7e-m+fp/hard\libpic32c.a(data_init.o)
 .comment       0x00000053       0x54 c:/program files/microchip/xc32/v3.01/bin/bin/../../lib/gcc/pic32c/8.3.1/../../../../pic32c/lib/thumb/v7e-m+fp/hard\libc_nano.a(_lib_a-sprintf.s.o)
 .comment       0x00000053       0x54 c:/program files/microchip/xc32/v3.01/bin/bin/../../lib/gcc/pic32c/8.3.1/../../../../pic32c/lib/thumb/v7e-m+fp/hard\libc_nano.a(lib_a-init.o)
 .comment       0x00000053       0x54 c:/program files/microchip/xc32/v3.01/bin/bin/../../lib/gcc/pic32c/8.3.1/../../../../pic32c/lib/thumb/v7e-m+fp/hard\libc_nano.a(lib_a-memset.o)
 .comment       0x00000053       0x54 c:/program files/microchip/xc32/v3.01/bin/bin/../../lib/gcc/pic32c/8.3.1/../../../../pic32c/lib/thumb/v7e-m+fp/hard\libc_nano.a(_lib_a-nano-vfprintf.s.o)
 .comment       0x00000053       0x54 c:/program files/microchip/xc32/v3.01/bin/bin/../../lib/gcc/pic32c/8.3.1/../../../../pic32c/lib/thumb/v7e-m+fp/hard\libc_nano.a(lib_a-__ssfputs.o)
 .comment       0x00000053       0x54 c:/program files/microchip/xc32/v3.01/bin/bin/../../lib/gcc/pic32c/8.3.1/../../../../pic32c/lib/thumb/v7e-m+fp/hard\libc_nano.a(lib_a-findfp.o)
 .comment       0x00000053       0x54 c:/program files/microchip/xc32/v3.01/bin/bin/../../lib/gcc/pic32c/8.3.1/../../../../pic32c/lib/thumb/v7e-m+fp/hard\libc_nano.a(lib_a-fputwc.o)
 .comment       0x00000053       0x54 c:/program files/microchip/xc32/v3.01/bin/bin/../../lib/gcc/pic32c/8.3.1/../../../../pic32c/lib/thumb/v7e-m+fp/hard\libc_nano.a(lib_a-fwalk.o)
 .comment       0x00000053       0x54 c:/program files/microchip/xc32/v3.01/bin/bin/../../lib/gcc/pic32c/8.3.1/../../../../pic32c/lib/thumb/v7e-m+fp/hard\libc_nano.a(lib_a-impure.o)
 .comment       0x00000053       0x54 c:/program files/microchip/xc32/v3.01/bin/bin/../../lib/gcc/pic32c/8.3.1/../../../../pic32c/lib/thumb/v7e-m+fp/hard\libc_nano.a(lib_a-locale.o)
 .comment       0x00000053       0x54 c:/program files/microchip/xc32/v3.01/bin/bin/../../lib/gcc/pic32c/8.3.1/../../../../pic32c/lib/thumb/v7e-m+fp/hard\libc_nano.a(lib_a-mbtowc_r.o)
 .comment       0x00000053       0x54 c:/program files/microchip/xc32/v3.01/bin/bin/../../lib/gcc/pic32c/8.3.1/../../../../pic32c/lib/thumb/v7e-m+fp/hard\libc_nano.a(lib_a-nano-mallocr.o)
 .comment       0x00000053       0x54 c:/program files/microchip/xc32/v3.01/bin/bin/../../lib/gcc/pic32c/8.3.1/../../../../pic32c/lib/thumb/v7e-m+fp/hard\libc_nano.a(lib_a-nano-vfprintf_i.o)
 .comment       0x00000053       0x54 c:/program files/microchip/xc32/v3.01/bin/bin/../../lib/gcc/pic32c/8.3.1/../../../../pic32c/lib/thumb/v7e-m+fp/hard\libc_nano.a(lib_a-sbrkr.o)
 .comment       0x00000053       0x54 c:/program files/microchip/xc32/v3.01/bin/bin/../../lib/gcc/pic32c/8.3.1/../../../../pic32c/lib/thumb/v7e-m+fp/hard\libc_nano.a(lib_a-stdio.o)
 .comment       0x00000053       0x54 c:/program files/microchip/xc32/v3.01/bin/bin/../../lib/gcc/pic32c/8.3.1/../../../../pic32c/lib/thumb/v7e-m+fp/hard\libc_nano.a(lib_a-wbuf.o)
 .comment       0x00000053       0x54 c:/program files/microchip/xc32/v3.01/bin/bin/../../lib/gcc/pic32c/8.3.1/../../../../pic32c/lib/thumb/v7e-m+fp/hard\libc_nano.a(lib_a-wcrtomb.o)
 .comment       0x00000053       0x54 c:/program files/microchip/xc32/v3.01/bin/bin/../../lib/gcc/pic32c/8.3.1/../../../../pic32c/lib/thumb/v7e-m+fp/hard\libc_nano.a(lib_a-wctomb_r.o)
 .comment       0x00000053       0x54 c:/program files/microchip/xc32/v3.01/bin/bin/../../lib/gcc/pic32c/8.3.1/../../../../pic32c/lib/thumb/v7e-m+fp/hard\libc_nano.a(lib_a-writer.o)
 .comment       0x00000053       0x54 c:/program files/microchip/xc32/v3.01/bin/bin/../../lib/gcc/pic32c/8.3.1/../../../../pic32c/lib/thumb/v7e-m+fp/hard\libc_nano.a(lib_a-wsetup.o)
 .comment       0x00000053       0x54 c:/program files/microchip/xc32/v3.01/bin/bin/../../lib/gcc/pic32c/8.3.1/../../../../pic32c/lib/thumb/v7e-m+fp/hard\libc_nano.a(lib_a-closer.o)
 .comment       0x00000053       0x54 c:/program files/microchip/xc32/v3.01/bin/bin/../../lib/gcc/pic32c/8.3.1/../../../../pic32c/lib/thumb/v7e-m+fp/hard\libc_nano.a(lib_a-ctype_.o)
 .comment       0x00000053       0x54 c:/program files/microchip/xc32/v3.01/bin/bin/../../lib/gcc/pic32c/8.3.1/../../../../pic32c/lib/thumb/v7e-m+fp/hard\libc_nano.a(lib_a-fflush.o)
 .comment       0x00000053       0x54 c:/program files/microchip/xc32/v3.01/bin/bin/../../lib/gcc/pic32c/8.3.1/../../../../pic32c/lib/thumb/v7e-m+fp/hard\libc_nano.a(lib_a-lseekr.o)
 .comment       0x00000053       0x54 c:/program files/microchip/xc32/v3.01/bin/bin/../../lib/gcc/pic32c/8.3.1/../../../../pic32c/lib/thumb/v7e-m+fp/hard\libc_nano.a(lib_a-makebuf.o)
 .comment       0x00000053       0x54 c:/program files/microchip/xc32/v3.01/bin/bin/../../lib/gcc/pic32c/8.3.1/../../../../pic32c/lib/thumb/v7e-m+fp/hard\libc_nano.a(lib_a-mlock.o)
 .comment       0x00000053       0x54 c:/program files/microchip/xc32/v3.01/bin/bin/../../lib/gcc/pic32c/8.3.1/../../../../pic32c/lib/thumb/v7e-m+fp/hard\libc_nano.a(lib_a-nano-freer.o)
 .comment       0x00000053       0x54 c:/program files/microchip/xc32/v3.01/bin/bin/../../lib/gcc/pic32c/8.3.1/../../../../pic32c/lib/thumb/v7e-m+fp/hard\libc_nano.a(lib_a-readr.o)
 .comment       0x00000053       0x54 c:/program files/microchip/xc32/v3.01/bin/bin/../../lib/gcc/pic32c/8.3.1/../../../../pic32c/lib/thumb/v7e-m+fp/hard\libc_nano.a(lib_a-reent.o)
 .comment       0x00000053       0x54 c:/program files/microchip/xc32/v3.01/bin/bin/../../lib/gcc/pic32c/8.3.1/../../../../pic32c/lib/thumb/v7e-m+fp/hard\libc_nano.a(lib_a-fstatr.o)
 .comment       0x00000053       0x54 c:/program files/microchip/xc32/v3.01/bin/bin/../../lib/gcc/pic32c/8.3.1/../../../../pic32c/lib/thumb/v7e-m+fp/hard\libc_nano.a(lib_a-isattyr.o)
 .comment       0x00000053       0x54 c:/program files/microchip/xc32/v3.01/bin/bin/../../lib/gcc/pic32c/8.3.1/../../../../pic32c/lib/thumb/v7e-m+fp/hard\libpic32c.a(_close.o)
 .comment       0x00000053       0x54 c:/program files/microchip/xc32/v3.01/bin/bin/../../lib/gcc/pic32c/8.3.1/../../../../pic32c/lib/thumb/v7e-m+fp/hard\libpic32c.a(_fstat.o)
 .comment       0x00000053       0x54 c:/program files/microchip/xc32/v3.01/bin/bin/../../lib/gcc/pic32c/8.3.1/../../../../pic32c/lib/thumb/v7e-m+fp/hard\libpic32c.a(_isatty.o)
 .comment       0x00000053       0x54 c:/program files/microchip/xc32/v3.01/bin/bin/../../lib/gcc/pic32c/8.3.1/../../../../pic32c/lib/thumb/v7e-m+fp/hard\libpic32c.a(_lseek.o)
 .comment       0x00000053       0x54 c:/program files/microchip/xc32/v3.01/bin/bin/../../lib/gcc/pic32c/8.3.1/../../../../pic32c/lib/thumb/v7e-m+fp/hard\libpic32c.a(_read.o)
 .comment       0x00000053       0x54 c:/program files/microchip/xc32/v3.01/bin/bin/../../lib/gcc/pic32c/8.3.1/../../../../pic32c/lib/thumb/v7e-m+fp/hard\libpic32c.a(sbrk.o)
 .comment       0x00000053       0x54 c:/program files/microchip/xc32/v3.01/bin/bin/../../lib/gcc/pic32c/8.3.1/../../../../pic32c/lib/thumb/v7e-m+fp/hard\libpic32c.a(_write.o)
 .comment       0x00000053       0x54 c:/program files/microchip/xc32/v3.01/bin/bin/../../lib/gcc/pic32c/8.3.1/../../../../pic32c/lib/thumb/v7e-m+fp/hard\libpic32c.a(close.o)
 .comment       0x00000053       0x54 c:/program files/microchip/xc32/v3.01/bin/bin/../../lib/gcc/pic32c/8.3.1/../../../../pic32c/lib/thumb/v7e-m+fp/hard\libpic32c.a(fstat.o)
 .comment       0x00000053       0x54 c:/program files/microchip/xc32/v3.01/bin/bin/../../lib/gcc/pic32c/8.3.1/../../../../pic32c/lib/thumb/v7e-m+fp/hard\libpic32c.a(isatty.o)
 .comment       0x00000053       0x54 c:/program files/microchip/xc32/v3.01/bin/bin/../../lib/gcc/pic32c/8.3.1/../../../../pic32c/lib/thumb/v7e-m+fp/hard\libpic32c.a(lseek.o)
 .comment       0x00000053       0x54 c:/program files/microchip/xc32/v3.01/bin/bin/../../lib/gcc/pic32c/8.3.1/../../../../pic32c/lib/thumb/v7e-m+fp/hard\libpic32c.a(read.o)
 .comment       0x00000053       0x54 c:/program files/microchip/xc32/v3.01/bin/bin/../../lib/gcc/pic32c/8.3.1/../../../../pic32c/lib/thumb/v7e-m+fp/hard\libpic32c.a(write.o)

.debug_info     0x00000000    0x18b09
 .debug_info    0x00000000     0x174e build/sam_e51_cnano/production/_ext/570918426/DplSpd.o
 .debug_info    0x0000174e      0xc0c build/sam_e51_cnano/production/_ext/7187140/plib_clock.o
 .debug_info    0x0000235a     0x1dc8 build/sam_e51_cnano/production/_ext/831021835/plib_dmac.o
 .debug_info    0x00004122      0x8ad build/sam_e51_cnano/production/_ext/1220119669/plib_eic.o
 .debug_info    0x000049cf      0x392 build/sam_e51_cnano/production/_ext/9336626/plib_evsys.o
 .debug_info    0x00004d61     0x1521 build/sam_e51_cnano/production/_ext/830715028/plib_nvic.o
 .debug_info    0x00006282     0x1898 build/sam_e51_cnano/production/_ext/226030394/plib_nvmctrl.o
 .debug_info    0x00007b1a      0xe5d build/sam_e51_cnano/production/_ext/830661877/plib_port.o
 .debug_info    0x00008977     0x1c55 build/sam_e51_cnano/production/_ext/1220132503/plib_rtc_timer.o
 .debug_info    0x0000a5cc     0x1437 build/sam_e51_cnano/production/_ext/314480351/plib_sercom5_usart.o
 .debug_info    0x0000ba03      0xa13 build/sam_e51_cnano/production/_ext/1220133898/plib_tcc0.o
 .debug_info    0x0000c416      0x2e4 build/sam_e51_cnano/production/_ext/865175840/xc32_monitor.o
 .debug_info    0x0000c6fa     0x1029 build/sam_e51_cnano/production/_ext/570918426/initialization.o
 .debug_info    0x0000d723     0x2297 build/sam_e51_cnano/production/_ext/570918426/interrupts.o
 .debug_info    0x0000f9ba      0xfef build/sam_e51_cnano/production/_ext/570918426/exceptions.o
 .debug_info    0x000109a9      0x99b build/sam_e51_cnano/production/_ext/570918426/startup_xc32.o
 .debug_info    0x00011344     0x2183 build/sam_e51_cnano/production/_ext/1360937237/main_sam_e51_cnano.o
 .debug_info    0x000134c7     0x1d29 build/sam_e51_cnano/production/_ext/570918426/DplSYSTICK.o
 .debug_info    0x000151f0     0x1348 build/sam_e51_cnano/production/_ext/570918426/DplBrk.o
 .debug_info    0x00016538      0x2cd c:/program files/microchip/xc32/v3.01/bin/bin/../../lib/gcc/pic32c/8.3.1/../../../../pic32c/lib/thumb/v7e-m+fp/hard\libpic32c.a(data_init.o)
 .debug_info    0x00016805      0x2b2 c:/program files/microchip/xc32/v3.01/bin/bin/../../lib/gcc/pic32c/8.3.1/../../../../pic32c/lib/thumb/v7e-m+fp/hard\libpic32c.a(_close.o)
 .debug_info    0x00016ab7      0x2b2 c:/program files/microchip/xc32/v3.01/bin/bin/../../lib/gcc/pic32c/8.3.1/../../../../pic32c/lib/thumb/v7e-m+fp/hard\libpic32c.a(_fstat.o)
 .debug_info    0x00016d69      0x2b4 c:/program files/microchip/xc32/v3.01/bin/bin/../../lib/gcc/pic32c/8.3.1/../../../../pic32c/lib/thumb/v7e-m+fp/hard\libpic32c.a(_isatty.o)
 .debug_info    0x0001701d      0x2b2 c:/program files/microchip/xc32/v3.01/bin/bin/../../lib/gcc/pic32c/8.3.1/../../../../pic32c/lib/thumb/v7e-m+fp/hard\libpic32c.a(_lseek.o)
 .debug_info    0x000172cf      0x2b0 c:/program files/microchip/xc32/v3.01/bin/bin/../../lib/gcc/pic32c/8.3.1/../../../../pic32c/lib/thumb/v7e-m+fp/hard\libpic32c.a(_read.o)
 .debug_info    0x0001757f      0x2b0 c:/program files/microchip/xc32/v3.01/bin/bin/../../lib/gcc/pic32c/8.3.1/../../../../pic32c/lib/thumb/v7e-m+fp/hard\libpic32c.a(sbrk.o)
 .debug_info    0x0001782f      0x2b2 c:/program files/microchip/xc32/v3.01/bin/bin/../../lib/gcc/pic32c/8.3.1/../../../../pic32c/lib/thumb/v7e-m+fp/hard\libpic32c.a(_write.o)
 .debug_info    0x00017ae1      0x2b1 c:/program files/microchip/xc32/v3.01/bin/bin/../../lib/gcc/pic32c/8.3.1/../../../../pic32c/lib/thumb/v7e-m+fp/hard\libpic32c.a(close.o)
 .debug_info    0x00017d92      0x2b1 c:/program files/microchip/xc32/v3.01/bin/bin/../../lib/gcc/pic32c/8.3.1/../../../../pic32c/lib/thumb/v7e-m+fp/hard\libpic32c.a(fstat.o)
 .debug_info    0x00018043      0x2b3 c:/program files/microchip/xc32/v3.01/bin/bin/../../lib/gcc/pic32c/8.3.1/../../../../pic32c/lib/thumb/v7e-m+fp/hard\libpic32c.a(isatty.o)
 .debug_info    0x000182f6      0x2b1 c:/program files/microchip/xc32/v3.01/bin/bin/../../lib/gcc/pic32c/8.3.1/../../../../pic32c/lib/thumb/v7e-m+fp/hard\libpic32c.a(lseek.o)
 .debug_info    0x000185a7      0x2b0 c:/program files/microchip/xc32/v3.01/bin/bin/../../lib/gcc/pic32c/8.3.1/../../../../pic32c/lib/thumb/v7e-m+fp/hard\libpic32c.a(read.o)
 .debug_info    0x00018857      0x2b2 c:/program files/microchip/xc32/v3.01/bin/bin/../../lib/gcc/pic32c/8.3.1/../../../../pic32c/lib/thumb/v7e-m+fp/hard\libpic32c.a(write.o)

.debug_abbrev   0x00000000     0x2a44
 .debug_abbrev  0x00000000      0x2b7 build/sam_e51_cnano/production/_ext/570918426/DplSpd.o
 .debug_abbrev  0x000002b7      0x135 build/sam_e51_cnano/production/_ext/7187140/plib_clock.o
 .debug_abbrev  0x000003ec      0x44b build/sam_e51_cnano/production/_ext/831021835/plib_dmac.o
 .debug_abbrev  0x00000837      0x1ab build/sam_e51_cnano/production/_ext/1220119669/plib_eic.o
 .debug_abbrev  0x000009e2       0x64 build/sam_e51_cnano/production/_ext/9336626/plib_evsys.o
 .debug_abbrev  0x00000a46      0x217 build/sam_e51_cnano/production/_ext/830715028/plib_nvic.o
 .debug_abbrev  0x00000c5d      0x30a build/sam_e51_cnano/production/_ext/226030394/plib_nvmctrl.o
 .debug_abbrev  0x00000f67      0x1e9 build/sam_e51_cnano/production/_ext/830661877/plib_port.o
 .debug_abbrev  0x00001150      0x2b4 build/sam_e51_cnano/production/_ext/1220132503/plib_rtc_timer.o
 .debug_abbrev  0x00001404      0x2a1 build/sam_e51_cnano/production/_ext/314480351/plib_sercom5_usart.o
 .debug_abbrev  0x000016a5      0x13b build/sam_e51_cnano/production/_ext/1220133898/plib_tcc0.o
 .debug_abbrev  0x000017e0       0x80 build/sam_e51_cnano/production/_ext/865175840/xc32_monitor.o
 .debug_abbrev  0x00001860      0x1f2 build/sam_e51_cnano/production/_ext/570918426/initialization.o
 .debug_abbrev  0x00001a52      0x1cc build/sam_e51_cnano/production/_ext/570918426/interrupts.o
 .debug_abbrev  0x00001c1e      0x1ac build/sam_e51_cnano/production/_ext/570918426/exceptions.o
 .debug_abbrev  0x00001dca      0x209 build/sam_e51_cnano/production/_ext/570918426/startup_xc32.o
 .debug_abbrev  0x00001fd3      0x344 build/sam_e51_cnano/production/_ext/1360937237/main_sam_e51_cnano.o
 .debug_abbrev  0x00002317      0x2a6 build/sam_e51_cnano/production/_ext/570918426/DplSYSTICK.o
 .debug_abbrev  0x000025bd      0x215 build/sam_e51_cnano/production/_ext/570918426/DplBrk.o
 .debug_abbrev  0x000027d2       0x2e c:/program files/microchip/xc32/v3.01/bin/bin/../../lib/gcc/pic32c/8.3.1/../../../../pic32c/lib/thumb/v7e-m+fp/hard\libpic32c.a(data_init.o)
 .debug_abbrev  0x00002800       0x2b c:/program files/microchip/xc32/v3.01/bin/bin/../../lib/gcc/pic32c/8.3.1/../../../../pic32c/lib/thumb/v7e-m+fp/hard\libpic32c.a(_close.o)
 .debug_abbrev  0x0000282b       0x2b c:/program files/microchip/xc32/v3.01/bin/bin/../../lib/gcc/pic32c/8.3.1/../../../../pic32c/lib/thumb/v7e-m+fp/hard\libpic32c.a(_fstat.o)
 .debug_abbrev  0x00002856       0x2b c:/program files/microchip/xc32/v3.01/bin/bin/../../lib/gcc/pic32c/8.3.1/../../../../pic32c/lib/thumb/v7e-m+fp/hard\libpic32c.a(_isatty.o)
 .debug_abbrev  0x00002881       0x2b c:/program files/microchip/xc32/v3.01/bin/bin/../../lib/gcc/pic32c/8.3.1/../../../../pic32c/lib/thumb/v7e-m+fp/hard\libpic32c.a(_lseek.o)
 .debug_abbrev  0x000028ac       0x2b c:/program files/microchip/xc32/v3.01/bin/bin/../../lib/gcc/pic32c/8.3.1/../../../../pic32c/lib/thumb/v7e-m+fp/hard\libpic32c.a(_read.o)
 .debug_abbrev  0x000028d7       0x2e c:/program files/microchip/xc32/v3.01/bin/bin/../../lib/gcc/pic32c/8.3.1/../../../../pic32c/lib/thumb/v7e-m+fp/hard\libpic32c.a(sbrk.o)
 .debug_abbrev  0x00002905       0x2b c:/program files/microchip/xc32/v3.01/bin/bin/../../lib/gcc/pic32c/8.3.1/../../../../pic32c/lib/thumb/v7e-m+fp/hard\libpic32c.a(_write.o)
 .debug_abbrev  0x00002930       0x2e c:/program files/microchip/xc32/v3.01/bin/bin/../../lib/gcc/pic32c/8.3.1/../../../../pic32c/lib/thumb/v7e-m+fp/hard\libpic32c.a(close.o)
 .debug_abbrev  0x0000295e       0x2e c:/program files/microchip/xc32/v3.01/bin/bin/../../lib/gcc/pic32c/8.3.1/../../../../pic32c/lib/thumb/v7e-m+fp/hard\libpic32c.a(fstat.o)
 .debug_abbrev  0x0000298c       0x2e c:/program files/microchip/xc32/v3.01/bin/bin/../../lib/gcc/pic32c/8.3.1/../../../../pic32c/lib/thumb/v7e-m+fp/hard\libpic32c.a(isatty.o)
 .debug_abbrev  0x000029ba       0x2e c:/program files/microchip/xc32/v3.01/bin/bin/../../lib/gcc/pic32c/8.3.1/../../../../pic32c/lib/thumb/v7e-m+fp/hard\libpic32c.a(lseek.o)
 .debug_abbrev  0x000029e8       0x2e c:/program files/microchip/xc32/v3.01/bin/bin/../../lib/gcc/pic32c/8.3.1/../../../../pic32c/lib/thumb/v7e-m+fp/hard\libpic32c.a(read.o)
 .debug_abbrev  0x00002a16       0x2e c:/program files/microchip/xc32/v3.01/bin/bin/../../lib/gcc/pic32c/8.3.1/../../../../pic32c/lib/thumb/v7e-m+fp/hard\libpic32c.a(write.o)

.debug_loc      0x00000000     0x1add
 .debug_loc     0x00000000       0x7b build/sam_e51_cnano/production/_ext/570918426/DplSpd.o
 .debug_loc     0x0000007b      0x6f5 build/sam_e51_cnano/production/_ext/831021835/plib_dmac.o
 .debug_loc     0x00000770      0x122 build/sam_e51_cnano/production/_ext/1220119669/plib_eic.o
 .debug_loc     0x00000892      0x1bd build/sam_e51_cnano/production/_ext/830715028/plib_nvic.o
 .debug_loc     0x00000a4f      0x4bf build/sam_e51_cnano/production/_ext/226030394/plib_nvmctrl.o
 .debug_loc     0x00000f0e      0x1bc build/sam_e51_cnano/production/_ext/830661877/plib_port.o
 .debug_loc     0x000010ca       0xb4 build/sam_e51_cnano/production/_ext/1220132503/plib_rtc_timer.o
 .debug_loc     0x0000117e      0x5c8 build/sam_e51_cnano/production/_ext/314480351/plib_sercom5_usart.o
 .debug_loc     0x00001746      0x161 build/sam_e51_cnano/production/_ext/1220133898/plib_tcc0.o
 .debug_loc     0x000018a7       0x25 build/sam_e51_cnano/production/_ext/865175840/xc32_monitor.o
 .debug_loc     0x000018cc       0x45 build/sam_e51_cnano/production/_ext/570918426/initialization.o
 .debug_loc     0x00001911       0x60 build/sam_e51_cnano/production/_ext/570918426/startup_xc32.o
 .debug_loc     0x00001971       0xcc build/sam_e51_cnano/production/_ext/1360937237/main_sam_e51_cnano.o
 .debug_loc     0x00001a3d       0x44 build/sam_e51_cnano/production/_ext/570918426/DplSYSTICK.o
 .debug_loc     0x00001a81       0x20 build/sam_e51_cnano/production/_ext/570918426/DplBrk.o
 .debug_loc     0x00001aa1       0x14 c:/program files/microchip/xc32/v3.01/bin/bin/../../lib/gcc/pic32c/8.3.1/../../../../pic32c/lib/thumb/v7e-m+fp/hard\libpic32c.a(data_init.o)
 .debug_loc     0x00001ab5       0x14 c:/program files/microchip/xc32/v3.01/bin/bin/../../lib/gcc/pic32c/8.3.1/../../../../pic32c/lib/thumb/v7e-m+fp/hard\libpic32c.a(read.o)
 .debug_loc     0x00001ac9       0x14 c:/program files/microchip/xc32/v3.01/bin/bin/../../lib/gcc/pic32c/8.3.1/../../../../pic32c/lib/thumb/v7e-m+fp/hard\libpic32c.a(write.o)

.debug_aranges  0x00000000      0x758
 .debug_aranges
                0x00000000       0x28 build/sam_e51_cnano/production/_ext/570918426/DplSpd.o
 .debug_aranges
                0x00000028       0x20 build/sam_e51_cnano/production/_ext/7187140/plib_clock.o
 .debug_aranges
                0x00000048       0x88 build/sam_e51_cnano/production/_ext/831021835/plib_dmac.o
 .debug_aranges
                0x000000d0       0x60 build/sam_e51_cnano/production/_ext/1220119669/plib_eic.o
 .debug_aranges
                0x00000130       0x20 build/sam_e51_cnano/production/_ext/9336626/plib_evsys.o
 .debug_aranges
                0x00000150       0x38 build/sam_e51_cnano/production/_ext/830715028/plib_nvic.o
 .debug_aranges
                0x00000188       0xb0 build/sam_e51_cnano/production/_ext/226030394/plib_nvmctrl.o
 .debug_aranges
                0x00000238       0x70 build/sam_e51_cnano/production/_ext/830661877/plib_port.o
 .debug_aranges
                0x000002a8       0xa0 build/sam_e51_cnano/production/_ext/1220132503/plib_rtc_timer.o
 .debug_aranges
                0x00000348       0x68 build/sam_e51_cnano/production/_ext/314480351/plib_sercom5_usart.o
 .debug_aranges
                0x000003b0       0x78 build/sam_e51_cnano/production/_ext/1220133898/plib_tcc0.o
 .debug_aranges
                0x00000428       0x28 build/sam_e51_cnano/production/_ext/865175840/xc32_monitor.o
 .debug_aranges
                0x00000450       0x20 build/sam_e51_cnano/production/_ext/570918426/initialization.o
 .debug_aranges
                0x00000470       0x20 build/sam_e51_cnano/production/_ext/570918426/interrupts.o
 .debug_aranges
                0x00000490       0x48 build/sam_e51_cnano/production/_ext/570918426/exceptions.o
 .debug_aranges
                0x000004d8       0x28 build/sam_e51_cnano/production/_ext/570918426/startup_xc32.o
 .debug_aranges
                0x00000500       0x40 build/sam_e51_cnano/production/_ext/1360937237/main_sam_e51_cnano.o
 .debug_aranges
                0x00000540       0x28 build/sam_e51_cnano/production/_ext/570918426/DplSYSTICK.o
 .debug_aranges
                0x00000568       0x30 build/sam_e51_cnano/production/_ext/570918426/DplBrk.o
 .debug_aranges
                0x00000598       0x20 c:/program files/microchip/xc32/v3.01/bin/bin/../../lib/gcc/pic32c/8.3.1/../../../../pic32c/lib/thumb/v7e-m+fp/hard\libpic32c.a(data_init.o)
 .debug_aranges
                0x000005b8       0x20 c:/program files/microchip/xc32/v3.01/bin/bin/../../lib/gcc/pic32c/8.3.1/../../../../pic32c/lib/thumb/v7e-m+fp/hard\libpic32c.a(_close.o)
 .debug_aranges
                0x000005d8       0x20 c:/program files/microchip/xc32/v3.01/bin/bin/../../lib/gcc/pic32c/8.3.1/../../../../pic32c/lib/thumb/v7e-m+fp/hard\libpic32c.a(_fstat.o)
 .debug_aranges
                0x000005f8       0x20 c:/program files/microchip/xc32/v3.01/bin/bin/../../lib/gcc/pic32c/8.3.1/../../../../pic32c/lib/thumb/v7e-m+fp/hard\libpic32c.a(_isatty.o)
 .debug_aranges
                0x00000618       0x20 c:/program files/microchip/xc32/v3.01/bin/bin/../../lib/gcc/pic32c/8.3.1/../../../../pic32c/lib/thumb/v7e-m+fp/hard\libpic32c.a(_lseek.o)
 .debug_aranges
                0x00000638       0x20 c:/program files/microchip/xc32/v3.01/bin/bin/../../lib/gcc/pic32c/8.3.1/../../../../pic32c/lib/thumb/v7e-m+fp/hard\libpic32c.a(_read.o)
 .debug_aranges
                0x00000658       0x20 c:/program files/microchip/xc32/v3.01/bin/bin/../../lib/gcc/pic32c/8.3.1/../../../../pic32c/lib/thumb/v7e-m+fp/hard\libpic32c.a(sbrk.o)
 .debug_aranges
                0x00000678       0x20 c:/program files/microchip/xc32/v3.01/bin/bin/../../lib/gcc/pic32c/8.3.1/../../../../pic32c/lib/thumb/v7e-m+fp/hard\libpic32c.a(_write.o)
 .debug_aranges
                0x00000698       0x20 c:/program files/microchip/xc32/v3.01/bin/bin/../../lib/gcc/pic32c/8.3.1/../../../../pic32c/lib/thumb/v7e-m+fp/hard\libpic32c.a(close.o)
 .debug_aranges
                0x000006b8       0x20 c:/program files/microchip/xc32/v3.01/bin/bin/../../lib/gcc/pic32c/8.3.1/../../../../pic32c/lib/thumb/v7e-m+fp/hard\libpic32c.a(fstat.o)
 .debug_aranges
                0x000006d8       0x20 c:/program files/microchip/xc32/v3.01/bin/bin/../../lib/gcc/pic32c/8.3.1/../../../../pic32c/lib/thumb/v7e-m+fp/hard\libpic32c.a(isatty.o)
 .debug_aranges
                0x000006f8       0x20 c:/program files/microchip/xc32/v3.01/bin/bin/../../lib/gcc/pic32c/8.3.1/../../../../pic32c/lib/thumb/v7e-m+fp/hard\libpic32c.a(lseek.o)
 .debug_aranges
                0x00000718       0x20 c:/program files/microchip/xc32/v3.01/bin/bin/../../lib/gcc/pic32c/8.3.1/../../../../pic32c/lib/thumb/v7e-m+fp/hard\libpic32c.a(read.o)
 .debug_aranges
                0x00000738       0x20 c:/program files/microchip/xc32/v3.01/bin/bin/../../lib/gcc/pic32c/8.3.1/../../../../pic32c/lib/thumb/v7e-m+fp/hard\libpic32c.a(write.o)

.debug_ranges   0x00000000      0x578
 .debug_ranges  0x00000000       0x18 build/sam_e51_cnano/production/_ext/570918426/DplSpd.o
 .debug_ranges  0x00000018       0x10 build/sam_e51_cnano/production/_ext/7187140/plib_clock.o
 .debug_ranges  0x00000028       0xa8 build/sam_e51_cnano/production/_ext/831021835/plib_dmac.o
 .debug_ranges  0x000000d0       0x50 build/sam_e51_cnano/production/_ext/1220119669/plib_eic.o
 .debug_ranges  0x00000120       0x10 build/sam_e51_cnano/production/_ext/9336626/plib_evsys.o
 .debug_ranges  0x00000130       0x28 build/sam_e51_cnano/production/_ext/830715028/plib_nvic.o
 .debug_ranges  0x00000158       0xa0 build/sam_e51_cnano/production/_ext/226030394/plib_nvmctrl.o
 .debug_ranges  0x000001f8       0x60 build/sam_e51_cnano/production/_ext/830661877/plib_port.o
 .debug_ranges  0x00000258       0x90 build/sam_e51_cnano/production/_ext/1220132503/plib_rtc_timer.o
 .debug_ranges  0x000002e8       0x58 build/sam_e51_cnano/production/_ext/314480351/plib_sercom5_usart.o
 .debug_ranges  0x00000340       0x68 build/sam_e51_cnano/production/_ext/1220133898/plib_tcc0.o
 .debug_ranges  0x000003a8       0x18 build/sam_e51_cnano/production/_ext/865175840/xc32_monitor.o
 .debug_ranges  0x000003c0       0x10 build/sam_e51_cnano/production/_ext/570918426/initialization.o
 .debug_ranges  0x000003d0       0x10 build/sam_e51_cnano/production/_ext/570918426/interrupts.o
 .debug_ranges  0x000003e0       0x38 build/sam_e51_cnano/production/_ext/570918426/exceptions.o
 .debug_ranges  0x00000418       0x18 build/sam_e51_cnano/production/_ext/570918426/startup_xc32.o
 .debug_ranges  0x00000430       0x30 build/sam_e51_cnano/production/_ext/1360937237/main_sam_e51_cnano.o
 .debug_ranges  0x00000460       0x18 build/sam_e51_cnano/production/_ext/570918426/DplSYSTICK.o
 .debug_ranges  0x00000478       0x20 build/sam_e51_cnano/production/_ext/570918426/DplBrk.o
 .debug_ranges  0x00000498       0x10 c:/program files/microchip/xc32/v3.01/bin/bin/../../lib/gcc/pic32c/8.3.1/../../../../pic32c/lib/thumb/v7e-m+fp/hard\libpic32c.a(data_init.o)
 .debug_ranges  0x000004a8       0x10 c:/program files/microchip/xc32/v3.01/bin/bin/../../lib/gcc/pic32c/8.3.1/../../../../pic32c/lib/thumb/v7e-m+fp/hard\libpic32c.a(_close.o)
 .debug_ranges  0x000004b8       0x10 c:/program files/microchip/xc32/v3.01/bin/bin/../../lib/gcc/pic32c/8.3.1/../../../../pic32c/lib/thumb/v7e-m+fp/hard\libpic32c.a(_fstat.o)
 .debug_ranges  0x000004c8       0x10 c:/program files/microchip/xc32/v3.01/bin/bin/../../lib/gcc/pic32c/8.3.1/../../../../pic32c/lib/thumb/v7e-m+fp/hard\libpic32c.a(_isatty.o)
 .debug_ranges  0x000004d8       0x10 c:/program files/microchip/xc32/v3.01/bin/bin/../../lib/gcc/pic32c/8.3.1/../../../../pic32c/lib/thumb/v7e-m+fp/hard\libpic32c.a(_lseek.o)
 .debug_ranges  0x000004e8       0x10 c:/program files/microchip/xc32/v3.01/bin/bin/../../lib/gcc/pic32c/8.3.1/../../../../pic32c/lib/thumb/v7e-m+fp/hard\libpic32c.a(_read.o)
 .debug_ranges  0x000004f8       0x10 c:/program files/microchip/xc32/v3.01/bin/bin/../../lib/gcc/pic32c/8.3.1/../../../../pic32c/lib/thumb/v7e-m+fp/hard\libpic32c.a(sbrk.o)
 .debug_ranges  0x00000508       0x10 c:/program files/microchip/xc32/v3.01/bin/bin/../../lib/gcc/pic32c/8.3.1/../../../../pic32c/lib/thumb/v7e-m+fp/hard\libpic32c.a(_write.o)
 .debug_ranges  0x00000518       0x10 c:/program files/microchip/xc32/v3.01/bin/bin/../../lib/gcc/pic32c/8.3.1/../../../../pic32c/lib/thumb/v7e-m+fp/hard\libpic32c.a(close.o)
 .debug_ranges  0x00000528       0x10 c:/program files/microchip/xc32/v3.01/bin/bin/../../lib/gcc/pic32c/8.3.1/../../../../pic32c/lib/thumb/v7e-m+fp/hard\libpic32c.a(fstat.o)
 .debug_ranges  0x00000538       0x10 c:/program files/microchip/xc32/v3.01/bin/bin/../../lib/gcc/pic32c/8.3.1/../../../../pic32c/lib/thumb/v7e-m+fp/hard\libpic32c.a(isatty.o)
 .debug_ranges  0x00000548       0x10 c:/program files/microchip/xc32/v3.01/bin/bin/../../lib/gcc/pic32c/8.3.1/../../../../pic32c/lib/thumb/v7e-m+fp/hard\libpic32c.a(lseek.o)
 .debug_ranges  0x00000558       0x10 c:/program files/microchip/xc32/v3.01/bin/bin/../../lib/gcc/pic32c/8.3.1/../../../../pic32c/lib/thumb/v7e-m+fp/hard\libpic32c.a(read.o)
 .debug_ranges  0x00000568       0x10 c:/program files/microchip/xc32/v3.01/bin/bin/../../lib/gcc/pic32c/8.3.1/../../../../pic32c/lib/thumb/v7e-m+fp/hard\libpic32c.a(write.o)

.debug_line     0x00000000     0x49ad
 .debug_line    0x00000000      0x2f1 build/sam_e51_cnano/production/_ext/570918426/DplSpd.o
 .debug_line    0x000002f1      0x318 build/sam_e51_cnano/production/_ext/7187140/plib_clock.o
 .debug_line    0x00000609      0x65f build/sam_e51_cnano/production/_ext/831021835/plib_dmac.o
 .debug_line    0x00000c68      0x3a0 build/sam_e51_cnano/production/_ext/1220119669/plib_eic.o
 .debug_line    0x00001008      0x137 build/sam_e51_cnano/production/_ext/9336626/plib_evsys.o
 .debug_line    0x0000113f      0x3fb build/sam_e51_cnano/production/_ext/830715028/plib_nvic.o
 .debug_line    0x0000153a      0x524 build/sam_e51_cnano/production/_ext/226030394/plib_nvmctrl.o
 .debug_line    0x00001a5e      0x33d build/sam_e51_cnano/production/_ext/830661877/plib_port.o
 .debug_line    0x00001d9b      0x4d4 build/sam_e51_cnano/production/_ext/1220132503/plib_rtc_timer.o
 .debug_line    0x0000226f      0x57d build/sam_e51_cnano/production/_ext/314480351/plib_sercom5_usart.o
 .debug_line    0x000027ec      0x3c2 build/sam_e51_cnano/production/_ext/1220133898/plib_tcc0.o
 .debug_line    0x00002bae       0x83 build/sam_e51_cnano/production/_ext/865175840/xc32_monitor.o
 .debug_line    0x00002c31      0x411 build/sam_e51_cnano/production/_ext/570918426/initialization.o
 .debug_line    0x00003042      0x1ae build/sam_e51_cnano/production/_ext/570918426/interrupts.o
 .debug_line    0x000031f0      0x207 build/sam_e51_cnano/production/_ext/570918426/exceptions.o
 .debug_line    0x000033f7      0x2bb build/sam_e51_cnano/production/_ext/570918426/startup_xc32.o
 .debug_line    0x000036b2      0x49c build/sam_e51_cnano/production/_ext/1360937237/main_sam_e51_cnano.o
 .debug_line    0x00003b4e      0x237 build/sam_e51_cnano/production/_ext/570918426/DplSYSTICK.o
 .debug_line    0x00003d85      0x23a build/sam_e51_cnano/production/_ext/570918426/DplBrk.o
 .debug_line    0x00003fbf      0x110 c:/program files/microchip/xc32/v3.01/bin/bin/../../lib/gcc/pic32c/8.3.1/../../../../pic32c/lib/thumb/v7e-m+fp/hard\libpic32c.a(data_init.o)
 .debug_line    0x000040cf       0x9f c:/program files/microchip/xc32/v3.01/bin/bin/../../lib/gcc/pic32c/8.3.1/../../../../pic32c/lib/thumb/v7e-m+fp/hard\libpic32c.a(_close.o)
 .debug_line    0x0000416e       0x9f c:/program files/microchip/xc32/v3.01/bin/bin/../../lib/gcc/pic32c/8.3.1/../../../../pic32c/lib/thumb/v7e-m+fp/hard\libpic32c.a(_fstat.o)
 .debug_line    0x0000420d       0xa0 c:/program files/microchip/xc32/v3.01/bin/bin/../../lib/gcc/pic32c/8.3.1/../../../../pic32c/lib/thumb/v7e-m+fp/hard\libpic32c.a(_isatty.o)
 .debug_line    0x000042ad       0x9f c:/program files/microchip/xc32/v3.01/bin/bin/../../lib/gcc/pic32c/8.3.1/../../../../pic32c/lib/thumb/v7e-m+fp/hard\libpic32c.a(_lseek.o)
 .debug_line    0x0000434c       0x9e c:/program files/microchip/xc32/v3.01/bin/bin/../../lib/gcc/pic32c/8.3.1/../../../../pic32c/lib/thumb/v7e-m+fp/hard\libpic32c.a(_read.o)
 .debug_line    0x000043ea       0xb5 c:/program files/microchip/xc32/v3.01/bin/bin/../../lib/gcc/pic32c/8.3.1/../../../../pic32c/lib/thumb/v7e-m+fp/hard\libpic32c.a(sbrk.o)
 .debug_line    0x0000449f       0x9f c:/program files/microchip/xc32/v3.01/bin/bin/../../lib/gcc/pic32c/8.3.1/../../../../pic32c/lib/thumb/v7e-m+fp/hard\libpic32c.a(_write.o)
 .debug_line    0x0000453e       0x9e c:/program files/microchip/xc32/v3.01/bin/bin/../../lib/gcc/pic32c/8.3.1/../../../../pic32c/lib/thumb/v7e-m+fp/hard\libpic32c.a(close.o)
 .debug_line    0x000045dc      0x106 c:/program files/microchip/xc32/v3.01/bin/bin/../../lib/gcc/pic32c/8.3.1/../../../../pic32c/lib/thumb/v7e-m+fp/hard\libpic32c.a(fstat.o)
 .debug_line    0x000046e2       0x9d c:/program files/microchip/xc32/v3.01/bin/bin/../../lib/gcc/pic32c/8.3.1/../../../../pic32c/lib/thumb/v7e-m+fp/hard\libpic32c.a(isatty.o)
 .debug_line    0x0000477f       0x9e c:/program files/microchip/xc32/v3.01/bin/bin/../../lib/gcc/pic32c/8.3.1/../../../../pic32c/lib/thumb/v7e-m+fp/hard\libpic32c.a(lseek.o)
 .debug_line    0x0000481d       0xc0 c:/program files/microchip/xc32/v3.01/bin/bin/../../lib/gcc/pic32c/8.3.1/../../../../pic32c/lib/thumb/v7e-m+fp/hard\libpic32c.a(read.o)
 .debug_line    0x000048dd       0xd0 c:/program files/microchip/xc32/v3.01/bin/bin/../../lib/gcc/pic32c/8.3.1/../../../../pic32c/lib/thumb/v7e-m+fp/hard\libpic32c.a(write.o)

.debug_str      0x00000000      0x692
 .debug_str     0x00000000       0x32 build/sam_e51_cnano/production/_ext/570918426/DplSpd.o
 .debug_str     0x00000032       0x1e build/sam_e51_cnano/production/_ext/7187140/plib_clock.o
 .debug_str     0x00000050       0x48 build/sam_e51_cnano/production/_ext/831021835/plib_dmac.o
 .debug_str     0x00000098        0x9 build/sam_e51_cnano/production/_ext/1220119669/plib_eic.o
 .debug_str     0x000000a1        0x0 build/sam_e51_cnano/production/_ext/9336626/plib_evsys.o
 .debug_str     0x000000a1        0xa build/sam_e51_cnano/production/_ext/830715028/plib_nvic.o
 .debug_str     0x000000ab       0x29 build/sam_e51_cnano/production/_ext/226030394/plib_nvmctrl.o
 .debug_str     0x000000d4        0xb build/sam_e51_cnano/production/_ext/830661877/plib_port.o
 .debug_str     0x000000df      0x123 build/sam_e51_cnano/production/_ext/1220132503/plib_rtc_timer.o
 .debug_str     0x00000202      0x123 build/sam_e51_cnano/production/_ext/314480351/plib_sercom5_usart.o
 .debug_str     0x00000325        0x0 build/sam_e51_cnano/production/_ext/1220133898/plib_tcc0.o
 .debug_str     0x00000325        0x0 build/sam_e51_cnano/production/_ext/865175840/xc32_monitor.o
 .debug_str     0x00000325       0xbd build/sam_e51_cnano/production/_ext/570918426/initialization.o
 .debug_str     0x000003e2        0xe build/sam_e51_cnano/production/_ext/570918426/interrupts.o
 .debug_str     0x000003f0        0xe build/sam_e51_cnano/production/_ext/570918426/exceptions.o
 .debug_str     0x000003fe       0x2f build/sam_e51_cnano/production/_ext/570918426/startup_xc32.o
 .debug_str     0x0000042d      0x231 build/sam_e51_cnano/production/_ext/1360937237/main_sam_e51_cnano.o
 .debug_str     0x0000065e       0x18 build/sam_e51_cnano/production/_ext/570918426/DplSYSTICK.o
 .debug_str     0x00000676       0x1c build/sam_e51_cnano/production/_ext/570918426/DplBrk.o
 .debug_str     0x00000692        0x0 c:/program files/microchip/xc32/v3.01/bin/bin/../../lib/gcc/pic32c/8.3.1/../../../../pic32c/lib/thumb/v7e-m+fp/hard\libpic32c.a(data_init.o)
 .debug_str     0x00000692        0x0 c:/program files/microchip/xc32/v3.01/bin/bin/../../lib/gcc/pic32c/8.3.1/../../../../pic32c/lib/thumb/v7e-m+fp/hard\libpic32c.a(_close.o)
 .debug_str     0x00000692        0x0 c:/program files/microchip/xc32/v3.01/bin/bin/../../lib/gcc/pic32c/8.3.1/../../../../pic32c/lib/thumb/v7e-m+fp/hard\libpic32c.a(_fstat.o)
 .debug_str     0x00000692        0x0 c:/program files/microchip/xc32/v3.01/bin/bin/../../lib/gcc/pic32c/8.3.1/../../../../pic32c/lib/thumb/v7e-m+fp/hard\libpic32c.a(_isatty.o)
 .debug_str     0x00000692        0x0 c:/program files/microchip/xc32/v3.01/bin/bin/../../lib/gcc/pic32c/8.3.1/../../../../pic32c/lib/thumb/v7e-m+fp/hard\libpic32c.a(_lseek.o)
 .debug_str     0x00000692        0x0 c:/program files/microchip/xc32/v3.01/bin/bin/../../lib/gcc/pic32c/8.3.1/../../../../pic32c/lib/thumb/v7e-m+fp/hard\libpic32c.a(_read.o)
 .debug_str     0x00000692        0x0 c:/program files/microchip/xc32/v3.01/bin/bin/../../lib/gcc/pic32c/8.3.1/../../../../pic32c/lib/thumb/v7e-m+fp/hard\libpic32c.a(sbrk.o)
 .debug_str     0x00000692        0x0 c:/program files/microchip/xc32/v3.01/bin/bin/../../lib/gcc/pic32c/8.3.1/../../../../pic32c/lib/thumb/v7e-m+fp/hard\libpic32c.a(_write.o)
 .debug_str     0x00000692        0x0 c:/program files/microchip/xc32/v3.01/bin/bin/../../lib/gcc/pic32c/8.3.1/../../../../pic32c/lib/thumb/v7e-m+fp/hard\libpic32c.a(close.o)
 .debug_str     0x00000692        0x0 c:/program files/microchip/xc32/v3.01/bin/bin/../../lib/gcc/pic32c/8.3.1/../../../../pic32c/lib/thumb/v7e-m+fp/hard\libpic32c.a(fstat.o)
 .debug_str     0x00000692        0x0 c:/program files/microchip/xc32/v3.01/bin/bin/../../lib/gcc/pic32c/8.3.1/../../../../pic32c/lib/thumb/v7e-m+fp/hard\libpic32c.a(isatty.o)
 .debug_str     0x00000692        0x0 c:/program files/microchip/xc32/v3.01/bin/bin/../../lib/gcc/pic32c/8.3.1/../../../../pic32c/lib/thumb/v7e-m+fp/hard\libpic32c.a(lseek.o)
 .debug_str     0x00000692        0x0 c:/program files/microchip/xc32/v3.01/bin/bin/../../lib/gcc/pic32c/8.3.1/../../../../pic32c/lib/thumb/v7e-m+fp/hard\libpic32c.a(read.o)
 .debug_str     0x00000692        0x0 c:/program files/microchip/xc32/v3.01/bin/bin/../../lib/gcc/pic32c/8.3.1/../../../../pic32c/lib/thumb/v7e-m+fp/hard\libpic32c.a(write.o)

.debug_frame    0x00000000      0xc08
 .debug_frame   0x00000000       0x40 build/sam_e51_cnano/production/_ext/570918426/DplSpd.o
 .debug_frame   0x00000040       0x20 build/sam_e51_cnano/production/_ext/7187140/plib_clock.o
 .debug_frame   0x00000060      0x148 build/sam_e51_cnano/production/_ext/831021835/plib_dmac.o
 .debug_frame   0x000001a8       0xd8 build/sam_e51_cnano/production/_ext/1220119669/plib_eic.o
 .debug_frame   0x00000280       0x20 build/sam_e51_cnano/production/_ext/9336626/plib_evsys.o
 .debug_frame   0x000002a0       0x50 build/sam_e51_cnano/production/_ext/830715028/plib_nvic.o
 .debug_frame   0x000002f0      0x170 build/sam_e51_cnano/production/_ext/226030394/plib_nvmctrl.o
 .debug_frame   0x00000460       0xcc build/sam_e51_cnano/production/_ext/830661877/plib_port.o
 .debug_frame   0x0000052c      0x128 build/sam_e51_cnano/production/_ext/1220132503/plib_rtc_timer.o
 .debug_frame   0x00000654       0xe0 build/sam_e51_cnano/production/_ext/314480351/plib_sercom5_usart.o
 .debug_frame   0x00000734       0xd0 build/sam_e51_cnano/production/_ext/1220133898/plib_tcc0.o
 .debug_frame   0x00000804       0x30 build/sam_e51_cnano/production/_ext/865175840/xc32_monitor.o
 .debug_frame   0x00000834       0x28 build/sam_e51_cnano/production/_ext/570918426/initialization.o
 .debug_frame   0x0000085c       0x20 build/sam_e51_cnano/production/_ext/570918426/interrupts.o
 .debug_frame   0x0000087c       0x70 build/sam_e51_cnano/production/_ext/570918426/exceptions.o
 .debug_frame   0x000008ec       0x38 build/sam_e51_cnano/production/_ext/570918426/startup_xc32.o
 .debug_frame   0x00000924       0x7c build/sam_e51_cnano/production/_ext/1360937237/main_sam_e51_cnano.o
 .debug_frame   0x000009a0       0x30 build/sam_e51_cnano/production/_ext/570918426/DplSYSTICK.o
 .debug_frame   0x000009d0       0x48 build/sam_e51_cnano/production/_ext/570918426/DplBrk.o
 .debug_frame   0x00000a18       0x38 c:/program files/microchip/xc32/v3.01/bin/bin/../../lib/gcc/pic32c/8.3.1/../../../../pic32c/lib/thumb/v7e-m+fp/hard\libpic32c.a(data_init.o)
 .debug_frame   0x00000a50       0x20 c:/program files/microchip/xc32/v3.01/bin/bin/../../lib/gcc/pic32c/8.3.1/../../../../pic32c/lib/thumb/v7e-m+fp/hard\libpic32c.a(_close.o)
 .debug_frame   0x00000a70       0x20 c:/program files/microchip/xc32/v3.01/bin/bin/../../lib/gcc/pic32c/8.3.1/../../../../pic32c/lib/thumb/v7e-m+fp/hard\libpic32c.a(_fstat.o)
 .debug_frame   0x00000a90       0x20 c:/program files/microchip/xc32/v3.01/bin/bin/../../lib/gcc/pic32c/8.3.1/../../../../pic32c/lib/thumb/v7e-m+fp/hard\libpic32c.a(_isatty.o)
 .debug_frame   0x00000ab0       0x20 c:/program files/microchip/xc32/v3.01/bin/bin/../../lib/gcc/pic32c/8.3.1/../../../../pic32c/lib/thumb/v7e-m+fp/hard\libpic32c.a(_lseek.o)
 .debug_frame   0x00000ad0       0x20 c:/program files/microchip/xc32/v3.01/bin/bin/../../lib/gcc/pic32c/8.3.1/../../../../pic32c/lib/thumb/v7e-m+fp/hard\libpic32c.a(_read.o)
 .debug_frame   0x00000af0       0x20 c:/program files/microchip/xc32/v3.01/bin/bin/../../lib/gcc/pic32c/8.3.1/../../../../pic32c/lib/thumb/v7e-m+fp/hard\libpic32c.a(sbrk.o)
 .debug_frame   0x00000b10       0x20 c:/program files/microchip/xc32/v3.01/bin/bin/../../lib/gcc/pic32c/8.3.1/../../../../pic32c/lib/thumb/v7e-m+fp/hard\libpic32c.a(_write.o)
 .debug_frame   0x00000b30       0x20 c:/program files/microchip/xc32/v3.01/bin/bin/../../lib/gcc/pic32c/8.3.1/../../../../pic32c/lib/thumb/v7e-m+fp/hard\libpic32c.a(close.o)
 .debug_frame   0x00000b50       0x20 c:/program files/microchip/xc32/v3.01/bin/bin/../../lib/gcc/pic32c/8.3.1/../../../../pic32c/lib/thumb/v7e-m+fp/hard\libpic32c.a(fstat.o)
 .debug_frame   0x00000b70       0x20 c:/program files/microchip/xc32/v3.01/bin/bin/../../lib/gcc/pic32c/8.3.1/../../../../pic32c/lib/thumb/v7e-m+fp/hard\libpic32c.a(isatty.o)
 .debug_frame   0x00000b90       0x20 c:/program files/microchip/xc32/v3.01/bin/bin/../../lib/gcc/pic32c/8.3.1/../../../../pic32c/lib/thumb/v7e-m+fp/hard\libpic32c.a(lseek.o)
 .debug_frame   0x00000bb0       0x2c c:/program files/microchip/xc32/v3.01/bin/bin/../../lib/gcc/pic32c/8.3.1/../../../../pic32c/lib/thumb/v7e-m+fp/hard\libpic32c.a(read.o)
 .debug_frame   0x00000bdc       0x2c c:/program files/microchip/xc32/v3.01/bin/bin/../../lib/gcc/pic32c/8.3.1/../../../../pic32c/lib/thumb/v7e-m+fp/hard\libpic32c.a(write.o)

.stack          0x200005f8      0x100
 .stack         0x200005f8      0x100 stack

.data.__global_locale%1
                0x20000004      0x16c
 .data.__global_locale
                0x20000004      0x16c c:/program files/microchip/xc32/v3.01/bin/bin/../../lib/gcc/pic32c/8.3.1/../../../../pic32c/lib/thumb/v7e-m+fp/hard\libc_nano.a(lib_a-locale.o)
                0x20000004                __global_locale

.bss.eicCallbackObject%2
                0x20000170       0xc0
 .bss.eicCallbackObject
                0x20000170       0xc0 build/sam_e51_cnano/production/_ext/1220119669/plib_eic.o

.bss.uartTxBuffer%3
                0x20000230       0x64
 .bss.uartTxBuffer
                0x20000230       0x64 build/sam_e51_cnano/production/_ext/1360937237/main_sam_e51_cnano.o

.data.impure_data%4
                0x20000294       0x60
 .data.impure_data
                0x20000294       0x60 c:/program files/microchip/xc32/v3.01/bin/bin/../../lib/gcc/pic32c/8.3.1/../../../../pic32c/lib/thumb/v7e-m+fp/hard\libc_nano.a(lib_a-impure.o)

.bss.__sf_fake_stderr%5
                0x200002f4       0x20
 .bss.__sf_fake_stderr
                0x200002f4       0x20 c:/program files/microchip/xc32/v3.01/bin/bin/../../lib/gcc/pic32c/8.3.1/../../../../pic32c/lib/thumb/v7e-m+fp/hard\libc_nano.a(lib_a-findfp.o)
                0x200002f4                __sf_fake_stderr

.bss.__sf_fake_stdin%6
                0x20000314       0x20
 .bss.__sf_fake_stdin
                0x20000314       0x20 c:/program files/microchip/xc32/v3.01/bin/bin/../../lib/gcc/pic32c/8.3.1/../../../../pic32c/lib/thumb/v7e-m+fp/hard\libc_nano.a(lib_a-findfp.o)
                0x20000314                __sf_fake_stdin

.bss.__sf_fake_stdout%7
                0x20000334       0x20
 .bss.__sf_fake_stdout
                0x20000334       0x20 c:/program files/microchip/xc32/v3.01/bin/bin/../../lib/gcc/pic32c/8.3.1/../../../../pic32c/lib/thumb/v7e-m+fp/hard\libc_nano.a(lib_a-findfp.o)
                0x20000334                __sf_fake_stdout

.bss%8          0x20000354       0x1c
 .bss           0x20000354       0x1c c:/program files/microchip/xc32/v3.01/bin/bin/../../lib/gcc/pic32c/8.3.1/thumb/v7e-m+fp/hard/crtbegin.o

.bss._write_back_section%9
                0x20000370       0x10
 .bss._write_back_section
                0x20000370       0x10 build/sam_e51_cnano/production/_ext/831021835/plib_dmac.o

.bss.descriptor_section%10
                0x20000380       0x10
 .bss.descriptor_section
                0x20000380       0x10 build/sam_e51_cnano/production/_ext/831021835/plib_dmac.o

.bss.dmacChannelObj%11
                0x20000390       0x10
 .bss.dmacChannelObj
                0x20000390       0x10 build/sam_e51_cnano/production/_ext/831021835/plib_dmac.o
                0x20000390                dmacChannelObj

.bss.rtcObj%12  0x200003a0        0xc
 .bss.rtcObj    0x200003a0        0xc build/sam_e51_cnano/production/_ext/1220132503/plib_rtc_timer.o

.bss.g_pwm_measured_period_us%13
                0x200003ac        0x4
 .bss.g_pwm_measured_period_us
                0x200003ac        0x4 build/sam_e51_cnano/production/_ext/570918426/DplSpd.o
                0x200003ac                g_pwm_measured_period_us

.bss.g_pwm_speed_rpm%14
                0x200003b0        0x4
 .bss.g_pwm_speed_rpm
                0x200003b0        0x4 build/sam_e51_cnano/production/_ext/570918426/DplSpd.o
                0x200003b0                g_pwm_speed_rpm

.bss.y_last_t_rising.8820%15
                0x200003b4        0x4
 .bss.y_last_t_rising.8820
                0x200003b4        0x4 build/sam_e51_cnano/production/_ext/570918426/DplSpd.o

.data.g_pwm_input_period_us%16
                0x200003b8        0x4
 .data.g_pwm_input_period_us
                0x200003b8        0x4 build/sam_e51_cnano/production/_ext/570918426/DplSpd.o
                0x200003b8                g_pwm_input_period_us

.bss.usTicks%17
                0x200003bc        0x4
 .bss.usTicks   0x200003bc        0x4 build/sam_e51_cnano/production/_ext/570918426/DplSYSTICK.o
                0x200003bc                usTicks

.bss%18         0x200003c0        0x4
 .bss           0x200003c0        0x4 c:/program files/microchip/xc32/v3.01/bin/bin/../../lib/gcc/pic32c/8.3.1/../../../../pic32c/lib/thumb/v7e-m+fp/hard\libpic32c.a(data_init.o)

.data._impure_ptr%19
                0x200003c4        0x4
 .data._impure_ptr
                0x200003c4        0x4 c:/program files/microchip/xc32/v3.01/bin/bin/../../lib/gcc/pic32c/8.3.1/../../../../pic32c/lib/thumb/v7e-m+fp/hard\libc_nano.a(lib_a-impure.o)
                0x200003c4                _impure_ptr

.bss.__malloc_free_list%20
                0x200003c8        0x4
 .bss.__malloc_free_list
                0x200003c8        0x4 c:/program files/microchip/xc32/v3.01/bin/bin/../../lib/gcc/pic32c/8.3.1/../../../../pic32c/lib/thumb/v7e-m+fp/hard\libc_nano.a(lib_a-nano-mallocr.o)
                0x200003c8                __malloc_free_list

.bss.__malloc_sbrk_start%21
                0x200003cc        0x4
 .bss.__malloc_sbrk_start
                0x200003cc        0x4 c:/program files/microchip/xc32/v3.01/bin/bin/../../lib/gcc/pic32c/8.3.1/../../../../pic32c/lib/thumb/v7e-m+fp/hard\libc_nano.a(lib_a-nano-mallocr.o)
                0x200003cc                __malloc_sbrk_start

.bss%22         0x200003d0        0x4
 .bss           0x200003d0        0x4 c:/program files/microchip/xc32/v3.01/bin/bin/../../lib/gcc/pic32c/8.3.1/../../../../pic32c/lib/thumb/v7e-m+fp/hard\libpic32c.a(sbrk.o)

.bss.y_old_pin_state.8819%23
                0x200003d4        0x1
 .bss.y_old_pin_state.8819
                0x200003d4        0x1 build/sam_e51_cnano/production/_ext/570918426/DplSpd.o

.bss.changeTempSamplingRate%24
                0x200003d5        0x1
 .bss.changeTempSamplingRate
                0x200003d5        0x1 build/sam_e51_cnano/production/_ext/1360937237/main_sam_e51_cnano.o

.bss.isRTCExpired%25
                0x200003d6        0x1
 .bss.isRTCExpired
                0x200003d6        0x1 build/sam_e51_cnano/production/_ext/1360937237/main_sam_e51_cnano.o

.bss.tempSampleRate%26
                0x200003d7        0x1
 .bss.tempSampleRate
                0x200003d7        0x1 build/sam_e51_cnano/production/_ext/1360937237/main_sam_e51_cnano.o

.data.isUSARTTxComplete%27
                0x200003d8        0x1
 .data.isUSARTTxComplete
                0x200003d8        0x1 build/sam_e51_cnano/production/_ext/1360937237/main_sam_e51_cnano.o

.eh_frame%z1    0x00000000        0x0
 .eh_frame      0x00000000        0x0 c:/program files/microchip/xc32/v3.01/bin/bin/../../lib/gcc/pic32c/8.3.1/thumb/v7e-m+fp/hard/crtbegin.o

.dinit%28       0x00000280      0x330
 .dinit         0x00000280      0x330 data_init

.text._vfprintf_r_s%29
                0x000005b0      0x278
 .text._vfprintf_r_s
                0x000005b0      0x278 c:/program files/microchip/xc32/v3.01/bin/bin/../../lib/gcc/pic32c/8.3.1/../../../../pic32c/lib/thumb/v7e-m+fp/hard\libc_nano.a(_lib_a-nano-vfprintf.s.o)
                0x000005b0                _vfprintf_r_s

.text.main%30   0x00000828      0x178
 .text.main     0x00000828      0x178 build/sam_e51_cnano/production/_ext/1360937237/main_sam_e51_cnano.o
                0x00000828                main

.text.__sflush_r%31
                0x000009a0      0x10c
 .text.__sflush_r
                0x000009a0      0x10c c:/program files/microchip/xc32/v3.01/bin/bin/../../lib/gcc/pic32c/8.3.1/../../../../pic32c/lib/thumb/v7e-m+fp/hard\libc_nano.a(lib_a-fflush.o)
                0x000009a0                __sflush_r

.text.CLOCK_Initialize%32
                0x00000aac      0x104
 .text.CLOCK_Initialize
                0x00000aac      0x104 build/sam_e51_cnano/production/_ext/7187140/plib_clock.o
                0x00000aac                CLOCK_Initialize

.rodata._ctype_%33
                0x00000bb0      0x101
 .rodata._ctype_
                0x00000bb0      0x101 c:/program files/microchip/xc32/v3.01/bin/bin/../../lib/gcc/pic32c/8.3.1/../../../../pic32c/lib/thumb/v7e-m+fp/hard\libc_nano.a(lib_a-ctype_.o)
                0x00000bb0                _ctype_

.text._printf_common%34
                0x00000cb2       0xea
 .text._printf_common
                0x00000cb2       0xea c:/program files/microchip/xc32/v3.01/bin/bin/../../lib/gcc/pic32c/8.3.1/../../../../pic32c/lib/thumb/v7e-m+fp/hard\libc_nano.a(lib_a-nano-vfprintf_i.o)
                0x00000cb2                _printf_common

.text.__swsetup_r%35
                0x00000d9c       0xdc
 .text.__swsetup_r
                0x00000d9c       0xdc c:/program files/microchip/xc32/v3.01/bin/bin/../../lib/gcc/pic32c/8.3.1/../../../../pic32c/lib/thumb/v7e-m+fp/hard\libc_nano.a(lib_a-wsetup.o)
                0x00000d9c                __swsetup_r

.text.DMAC_ChannelTransfer%36
                0x00000e78       0xc4
 .text.DMAC_ChannelTransfer
                0x00000e78       0xc4 build/sam_e51_cnano/production/_ext/831021835/plib_dmac.o
                0x00000e78                DMAC_ChannelTransfer

.text.__swbuf_r%37
                0x00000f3c       0xbc
 .text.__swbuf_r
                0x00000f3c       0xbc c:/program files/microchip/xc32/v3.01/bin/bin/../../lib/gcc/pic32c/8.3.1/../../../../pic32c/lib/thumb/v7e-m+fp/hard\libc_nano.a(lib_a-wbuf.o)
                0x00000f3c                __swbuf_r

.text._malloc_r%38
                0x00000ff8       0xb4
 .text._malloc_r
                0x00000ff8       0xb4 c:/program files/microchip/xc32/v3.01/bin/bin/../../lib/gcc/pic32c/8.3.1/../../../../pic32c/lib/thumb/v7e-m+fp/hard\libc_nano.a(lib_a-nano-mallocr.o)
                0x00000ff8                _malloc_r

.text.EIC_User_Handler_PWM_Speed_Input%39
                0x000010ac       0xac
 .text.EIC_User_Handler_PWM_Speed_Input
                0x000010ac       0xac build/sam_e51_cnano/production/_ext/570918426/DplSpd.o

.text%40        0x00001160       0xa0
 .text          0x00001160       0xa0 c:/program files/microchip/xc32/v3.01/bin/bin/../../lib/gcc/pic32c/8.3.1/../../../../pic32c/lib/thumb/v7e-m+fp/hard\libc_nano.a(lib_a-memchr.o)
                0x00001160                memchr

.text._free_r%41
                0x00001200       0x9c
 .text._free_r  0x00001200       0x9c c:/program files/microchip/xc32/v3.01/bin/bin/../../lib/gcc/pic32c/8.3.1/../../../../pic32c/lib/thumb/v7e-m+fp/hard\libc_nano.a(lib_a-nano-freer.o)
                0x00001200                _free_r

.text.EIC_Initialize%42
                0x0000129c       0x94
 .text.EIC_Initialize
                0x0000129c       0x94 build/sam_e51_cnano/production/_ext/1220119669/plib_eic.o
                0x0000129c                EIC_Initialize

.text.Reset_Handler%43
                0x00001330       0x90
 .text.Reset_Handler
                0x00001330       0x90 build/sam_e51_cnano/production/_ext/570918426/startup_xc32.o
                0x00001330                Reset_Handler

.text.__smakebuf_r%44
                0x000013c0       0x8c
 .text.__smakebuf_r
                0x000013c0       0x8c c:/program files/microchip/xc32/v3.01/bin/bin/../../lib/gcc/pic32c/8.3.1/../../../../pic32c/lib/thumb/v7e-m+fp/hard\libc_nano.a(lib_a-makebuf.o)
                0x000013c0                __smakebuf_r

.text.__pic32c_data_initialization%45
                0x0000144c       0x88
 .text.__pic32c_data_initialization
                0x0000144c       0x88 c:/program files/microchip/xc32/v3.01/bin/bin/../../lib/gcc/pic32c/8.3.1/../../../../pic32c/lib/thumb/v7e-m+fp/hard\libpic32c.a(data_init.o)
                0x0000144c                __pic32c_data_initialization

.text.__fputwc%46
                0x000014d4       0x82
 .text.__fputwc
                0x000014d4       0x82 c:/program files/microchip/xc32/v3.01/bin/bin/../../lib/gcc/pic32c/8.3.1/../../../../pic32c/lib/thumb/v7e-m+fp/hard\libc_nano.a(lib_a-fputwc.o)
                0x000014d4                __fputwc

.text._DMAC_interruptHandler%47
                0x00001558       0x80
 .text._DMAC_interruptHandler
                0x00001558       0x80 build/sam_e51_cnano/production/_ext/831021835/plib_dmac.o
                0x00001558                _DMAC_interruptHandler

.text.__sfp%48  0x000015d8       0x78
 .text.__sfp    0x000015d8       0x78 c:/program files/microchip/xc32/v3.01/bin/bin/../../lib/gcc/pic32c/8.3.1/../../../../pic32c/lib/thumb/v7e-m+fp/hard\libc_nano.a(lib_a-findfp.o)
                0x000015d8                __sfp

.rodata%49      0x00001650       0x70
 .rodata        0x00001650       0x70 build/sam_e51_cnano/production/_ext/1360937237/main_sam_e51_cnano.o

.text.__sinit%50
                0x000016c0       0x60
 .text.__sinit  0x000016c0       0x60 c:/program files/microchip/xc32/v3.01/bin/bin/../../lib/gcc/pic32c/8.3.1/../../../../pic32c/lib/thumb/v7e-m+fp/hard\libc_nano.a(lib_a-findfp.o)
                0x000016c0                __sinit

.text.NVIC_Initialize%51
                0x00001720       0x5c
 .text.NVIC_Initialize
                0x00001720       0x5c build/sam_e51_cnano/production/_ext/830715028/plib_nvic.o
                0x00001720                NVIC_Initialize

.text.DMAC_Initialize%52
                0x0000177c       0x54
 .text.DMAC_Initialize
                0x0000177c       0x54 build/sam_e51_cnano/production/_ext/831021835/plib_dmac.o
                0x0000177c                DMAC_Initialize

.text._fflush_r%53
                0x000017d0       0x54
 .text._fflush_r
                0x000017d0       0x54 c:/program files/microchip/xc32/v3.01/bin/bin/../../lib/gcc/pic32c/8.3.1/../../../../pic32c/lib/thumb/v7e-m+fp/hard\libc_nano.a(lib_a-fflush.o)
                0x000017d0                _fflush_r

.rodata.timeouts%54
                0x00001824       0x50
 .rodata.timeouts
                0x00001824       0x50 build/sam_e51_cnano/production/_ext/1360937237/main_sam_e51_cnano.o

.text.TCC0_PWMInitialize%55
                0x00001874       0x4c
 .text.TCC0_PWMInitialize
                0x00001874       0x4c build/sam_e51_cnano/production/_ext/1220133898/plib_tcc0.o
                0x00001874                TCC0_PWMInitialize

.text.__ssfputs_r%56
                0x000018c0       0x4a
 .text.__ssfputs_r
                0x000018c0       0x4a c:/program files/microchip/xc32/v3.01/bin/bin/../../lib/gcc/pic32c/8.3.1/../../../../pic32c/lib/thumb/v7e-m+fp/hard\libc_nano.a(lib_a-__ssfputs.o)
                0x000018c0                __ssfputs_r

.text.RTC_Initialize%57
                0x0000190c       0x48
 .text.RTC_Initialize
                0x0000190c       0x48 build/sam_e51_cnano/production/_ext/1220132503/plib_rtc_timer.o
                0x0000190c                RTC_Initialize

.text.__libc_init_array%58
                0x00001954       0x48
 .text.__libc_init_array
                0x00001954       0x48 c:/program files/microchip/xc32/v3.01/bin/bin/../../lib/gcc/pic32c/8.3.1/../../../../pic32c/lib/thumb/v7e-m+fp/hard\libc_nano.a(lib_a-init.o)
                0x00001954                __libc_init_array

.text.std%59    0x0000199c       0x48
 .text.std      0x0000199c       0x48 c:/program files/microchip/xc32/v3.01/bin/bin/../../lib/gcc/pic32c/8.3.1/../../../../pic32c/lib/thumb/v7e-m+fp/hard\libc_nano.a(lib_a-findfp.o)

.text.__swhatbuf_r%60
                0x000019e4       0x48
 .text.__swhatbuf_r
                0x000019e4       0x48 c:/program files/microchip/xc32/v3.01/bin/bin/../../lib/gcc/pic32c/8.3.1/../../../../pic32c/lib/thumb/v7e-m+fp/hard\libc_nano.a(lib_a-makebuf.o)
                0x000019e4                __swhatbuf_r

.text%61        0x00001a2c       0x40
 .text          0x00001a2c       0x40 c:/program files/microchip/xc32/v3.01/bin/bin/../../lib/gcc/pic32c/8.3.1/thumb/v7e-m+fp/hard/crtbegin.o

.text.write%62  0x00001a6c       0x40
 .text.write    0x00001a6c       0x40 c:/program files/microchip/xc32/v3.01/bin/bin/../../lib/gcc/pic32c/8.3.1/../../../../pic32c/lib/thumb/v7e-m+fp/hard\libpic32c.a(write.o)
                0x00001a6c                write

.text.PORT_Initialize%63
                0x00001aac       0x3c
 .text.PORT_Initialize
                0x00001aac       0x3c build/sam_e51_cnano/production/_ext/830661877/plib_port.o
                0x00001aac                PORT_Initialize

.text._sprintf_s%64
                0x00001ae8       0x3c
 .text._sprintf_s
                0x00001ae8       0x3c c:/program files/microchip/xc32/v3.01/bin/bin/../../lib/gcc/pic32c/8.3.1/../../../../pic32c/lib/thumb/v7e-m+fp/hard\libc_nano.a(_lib_a-sprintf.s.o)
                0x00001ae8                __sprintf_s
                0x00001ae8                _sprintf_s

.text._fwalk_reent%65
                0x00001b24       0x3c
 .text._fwalk_reent
                0x00001b24       0x3c c:/program files/microchip/xc32/v3.01/bin/bin/../../lib/gcc/pic32c/8.3.1/../../../../pic32c/lib/thumb/v7e-m+fp/hard\libc_nano.a(lib_a-fwalk.o)
                0x00001b24                _fwalk_reent

.text.__swrite%66
                0x00001b60       0x38
 .text.__swrite
                0x00001b60       0x38 c:/program files/microchip/xc32/v3.01/bin/bin/../../lib/gcc/pic32c/8.3.1/../../../../pic32c/lib/thumb/v7e-m+fp/hard\libc_nano.a(lib_a-stdio.o)
                0x00001b60                __swrite

.text.SERCOM5_USART_Initialize%67
                0x00001b98       0x34
 .text.SERCOM5_USART_Initialize
                0x00001b98       0x34 build/sam_e51_cnano/production/_ext/314480351/plib_sercom5_usart.o
                0x00001b98                SERCOM5_USART_Initialize

.text.__sfputc_r%68
                0x00001bcc       0x2e
 .text.__sfputc_r
                0x00001bcc       0x2e c:/program files/microchip/xc32/v3.01/bin/bin/../../lib/gcc/pic32c/8.3.1/../../../../pic32c/lib/thumb/v7e-m+fp/hard\libc_nano.a(lib_a-__ssfputs.o)

.text.EIC_CallbackRegister%69
                0x00001bfc       0x2c
 .text.EIC_CallbackRegister
                0x00001bfc       0x2c build/sam_e51_cnano/production/_ext/1220119669/plib_eic.o
                0x00001bfc                EIC_CallbackRegister

.text.SYS_Initialize%70
                0x00001c28       0x2c
 .text.SYS_Initialize
                0x00001c28       0x2c build/sam_e51_cnano/production/_ext/570918426/initialization.o
                0x00001c28                SYS_Initialize

.text.__sfmoreglue%71
                0x00001c54       0x2c
 .text.__sfmoreglue
                0x00001c54       0x2c c:/program files/microchip/xc32/v3.01/bin/bin/../../lib/gcc/pic32c/8.3.1/../../../../pic32c/lib/thumb/v7e-m+fp/hard\libc_nano.a(lib_a-findfp.o)
                0x00001c54                __sfmoreglue

.text._wcrtomb_r%72
                0x00001c80       0x2c
 .text._wcrtomb_r
                0x00001c80       0x2c c:/program files/microchip/xc32/v3.01/bin/bin/../../lib/gcc/pic32c/8.3.1/../../../../pic32c/lib/thumb/v7e-m+fp/hard\libc_nano.a(lib_a-wcrtomb.o)
                0x00001c80                _wcrtomb_r

.text._sbrk%73  0x00001cac       0x2c
 .text._sbrk    0x00001cac       0x2c c:/program files/microchip/xc32/v3.01/bin/bin/../../lib/gcc/pic32c/8.3.1/../../../../pic32c/lib/thumb/v7e-m+fp/hard\libpic32c.a(sbrk.o)
                0x00001cac                _sbrk

.text.RTC_InterruptHandler%74
                0x00001cd8       0x28
 .text.RTC_InterruptHandler
                0x00001cd8       0x28 build/sam_e51_cnano/production/_ext/1220132503/plib_rtc_timer.o
                0x00001cd8                RTC_InterruptHandler

.text.read%75   0x00001d00       0x28
 .text.read     0x00001d00       0x28 c:/program files/microchip/xc32/v3.01/bin/bin/../../lib/gcc/pic32c/8.3.1/../../../../pic32c/lib/thumb/v7e-m+fp/hard\libpic32c.a(read.o)
                0x00001d00                read

.text.EIC_EXTINT_15_InterruptHandler%76
                0x00001d28       0x24
 .text.EIC_EXTINT_15_InterruptHandler
                0x00001d28       0x24 build/sam_e51_cnano/production/_ext/1220119669/plib_eic.o
                0x00001d28                EIC_EXTINT_15_InterruptHandler

.text.__ascii_mbtowc%77
                0x00001d4c       0x24
 .text.__ascii_mbtowc
                0x00001d4c       0x24 c:/program files/microchip/xc32/v3.01/bin/bin/../../lib/gcc/pic32c/8.3.1/../../../../pic32c/lib/thumb/v7e-m+fp/hard\libc_nano.a(lib_a-mbtowc_r.o)
                0x00001d4c                __ascii_mbtowc

.text.__sseek%78
                0x00001d70       0x24
 .text.__sseek  0x00001d70       0x24 c:/program files/microchip/xc32/v3.01/bin/bin/../../lib/gcc/pic32c/8.3.1/../../../../pic32c/lib/thumb/v7e-m+fp/hard\libc_nano.a(lib_a-stdio.o)
                0x00001d70                __sseek

.text._write_r%79
                0x00001d94       0x24
 .text._write_r
                0x00001d94       0x24 c:/program files/microchip/xc32/v3.01/bin/bin/../../lib/gcc/pic32c/8.3.1/../../../../pic32c/lib/thumb/v7e-m+fp/hard\libc_nano.a(lib_a-writer.o)
                0x00001d94                _write_r

.text._lseek_r%80
                0x00001db8       0x24
 .text._lseek_r
                0x00001db8       0x24 c:/program files/microchip/xc32/v3.01/bin/bin/../../lib/gcc/pic32c/8.3.1/../../../../pic32c/lib/thumb/v7e-m+fp/hard\libc_nano.a(lib_a-lseekr.o)
                0x00001db8                _lseek_r

.text._read_r%81
                0x00001ddc       0x24
 .text._read_r  0x00001ddc       0x24 c:/program files/microchip/xc32/v3.01/bin/bin/../../lib/gcc/pic32c/8.3.1/../../../../pic32c/lib/thumb/v7e-m+fp/hard\libc_nano.a(lib_a-readr.o)
                0x00001ddc                _read_r

.text._fstat_r%82
                0x00001e00       0x24
 .text._fstat_r
                0x00001e00       0x24 c:/program files/microchip/xc32/v3.01/bin/bin/../../lib/gcc/pic32c/8.3.1/../../../../pic32c/lib/thumb/v7e-m+fp/hard\libc_nano.a(lib_a-fstatr.o)
                0x00001e00                _fstat_r

.text.__sread%83
                0x00001e24       0x22
 .text.__sread  0x00001e24       0x22 c:/program files/microchip/xc32/v3.01/bin/bin/../../lib/gcc/pic32c/8.3.1/../../../../pic32c/lib/thumb/v7e-m+fp/hard\libc_nano.a(lib_a-stdio.o)
                0x00001e24                __sread

.text.EIC_EXTINT_2_InterruptHandler%84
                0x00001e48       0x20
 .text.EIC_EXTINT_2_InterruptHandler
                0x00001e48       0x20 build/sam_e51_cnano/production/_ext/1220119669/plib_eic.o
                0x00001e48                EIC_EXTINT_2_InterruptHandler

.text.EIC_EXTINT_3_InterruptHandler%85
                0x00001e68       0x20
 .text.EIC_EXTINT_3_InterruptHandler
                0x00001e68       0x20 build/sam_e51_cnano/production/_ext/1220119669/plib_eic.o
                0x00001e68                EIC_EXTINT_3_InterruptHandler

.text.DplSYSTICK_Init%86
                0x00001e88       0x20
 .text.DplSYSTICK_Init
                0x00001e88       0x20 build/sam_e51_cnano/production/_ext/570918426/DplSYSTICK.o
                0x00001e88                DplSYSTICK_Init

.text._sbrk_r%87
                0x00001ea8       0x20
 .text._sbrk_r  0x00001ea8       0x20 c:/program files/microchip/xc32/v3.01/bin/bin/../../lib/gcc/pic32c/8.3.1/../../../../pic32c/lib/thumb/v7e-m+fp/hard\libc_nano.a(lib_a-sbrkr.o)
                0x00001ea8                _sbrk_r

.text._close_r%88
                0x00001ec8       0x20
 .text._close_r
                0x00001ec8       0x20 c:/program files/microchip/xc32/v3.01/bin/bin/../../lib/gcc/pic32c/8.3.1/../../../../pic32c/lib/thumb/v7e-m+fp/hard\libc_nano.a(lib_a-closer.o)
                0x00001ec8                _close_r

.text._isatty_r%89
                0x00001ee8       0x20
 .text._isatty_r
                0x00001ee8       0x20 c:/program files/microchip/xc32/v3.01/bin/bin/../../lib/gcc/pic32c/8.3.1/../../../../pic32c/lib/thumb/v7e-m+fp/hard\libc_nano.a(lib_a-isattyr.o)
                0x00001ee8                _isatty_r

.text.EIC_User_Handler%90
                0x00001f08       0x1c
 .text.EIC_User_Handler
                0x00001f08       0x1c build/sam_e51_cnano/production/_ext/1360937237/main_sam_e51_cnano.o

.text._fputwc_r%91
                0x00001f24       0x1c
 .text._fputwc_r
                0x00001f24       0x1c c:/program files/microchip/xc32/v3.01/bin/bin/../../lib/gcc/pic32c/8.3.1/../../../../pic32c/lib/thumb/v7e-m+fp/hard\libc_nano.a(lib_a-fputwc.o)
                0x00001f24                _fputwc_r

.text.__ascii_wctomb%92
                0x00001f40       0x1a
 .text.__ascii_wctomb
                0x00001f40       0x1a c:/program files/microchip/xc32/v3.01/bin/bin/../../lib/gcc/pic32c/8.3.1/../../../../pic32c/lib/thumb/v7e-m+fp/hard\libc_nano.a(lib_a-wctomb_r.o)
                0x00001f40                __ascii_wctomb

.text.RTC_Timer32Start%93
                0x00001f5c       0x18
 .text.RTC_Timer32Start
                0x00001f5c       0x18 build/sam_e51_cnano/production/_ext/1220132503/plib_rtc_timer.o
                0x00001f5c                RTC_Timer32Start

.text.TCC0_PWMStart%94
                0x00001f74       0x18
 .text.TCC0_PWMStart
                0x00001f74       0x18 build/sam_e51_cnano/production/_ext/1220133898/plib_tcc0.o
                0x00001f74                TCC0_PWMStart

.text.DplSpd_Init%95
                0x00001f8c       0x14
 .text.DplSpd_Init
                0x00001f8c       0x14 build/sam_e51_cnano/production/_ext/570918426/DplSpd.o
                0x00001f8c                DplSpd_Init

.text.RTC_Timer32CounterSet%96
                0x00001fa0       0x14
 .text.RTC_Timer32CounterSet
                0x00001fa0       0x14 build/sam_e51_cnano/production/_ext/1220132503/plib_rtc_timer.o
                0x00001fa0                RTC_Timer32CounterSet

.text.RTC_Timer32Compare0Set%97
                0x00001fb4       0x14
 .text.RTC_Timer32Compare0Set
                0x00001fb4       0x14 build/sam_e51_cnano/production/_ext/1220132503/plib_rtc_timer.o
                0x00001fb4                RTC_Timer32Compare0Set

.text.rtcEventHandler%98
                0x00001fc8       0x14
 .text.rtcEventHandler
                0x00001fc8       0x14 build/sam_e51_cnano/production/_ext/1360937237/main_sam_e51_cnano.o

.text._vfprintf_s%99
                0x00001fdc       0x14
 .text._vfprintf_s
                0x00001fdc       0x14 c:/program files/microchip/xc32/v3.01/bin/bin/../../lib/gcc/pic32c/8.3.1/../../../../pic32c/lib/thumb/v7e-m+fp/hard\libc_nano.a(_lib_a-nano-vfprintf.s.o)
                0x00001fdc                _vfprintf_s

.rodata%100     0x00001ff0       0x11
 .rodata        0x00001ff0       0x11 c:/program files/microchip/xc32/v3.01/bin/bin/../../lib/gcc/pic32c/8.3.1/../../../../pic32c/lib/thumb/v7e-m+fp/hard\libc_nano.a(_lib_a-nano-vfprintf.s.o)

.text.DMAC_ChannelCallbackRegister%101
                0x00002004       0x10
 .text.DMAC_ChannelCallbackRegister
                0x00002004       0x10 build/sam_e51_cnano/production/_ext/831021835/plib_dmac.o
                0x00002004                DMAC_ChannelCallbackRegister

.text.NVMCTRL_Initialize%102
                0x00002014       0x10
 .text.NVMCTRL_Initialize
                0x00002014       0x10 build/sam_e51_cnano/production/_ext/226030394/plib_nvmctrl.o
                0x00002014                NVMCTRL_Initialize

.text.usartDmaChannelHandler%103
                0x00002024       0x10
 .text.usartDmaChannelHandler
                0x00002024       0x10 build/sam_e51_cnano/production/_ext/1360937237/main_sam_e51_cnano.o

.text.EIC_User_Handler_Board_Switch%104
                0x00002034       0x10
 .text.EIC_User_Handler_Board_Switch
                0x00002034       0x10 build/sam_e51_cnano/production/_ext/1360937237/main_sam_e51_cnano.o

.text.SysTick_Handler%105
                0x00002044       0x10
 .text.SysTick_Handler
                0x00002044       0x10 build/sam_e51_cnano/production/_ext/570918426/DplSYSTICK.o
                0x00002044                SysTick_Handler

.text.memset%106
                0x00002054       0x10
 .text.memset   0x00002054       0x10 c:/program files/microchip/xc32/v3.01/bin/bin/../../lib/gcc/pic32c/8.3.1/../../../../pic32c/lib/thumb/v7e-m+fp/hard\libc_nano.a(lib_a-memset.o)
                0x00002054                memset

.text%107       0x00002064       0x10
 .text          0x00002064       0x10 c:/program files/microchip/xc32/v3.01/bin/bin/../../lib/gcc/pic32c/8.3.1/../../../../pic32c/lib/thumb/v7e-m+fp/hard\libc_nano.a(lib_a-strlen.o)
                0x00002064                strlen

.text.RTC_Timer32CallbackRegister%108
                0x00002074        0xc
 .text.RTC_Timer32CallbackRegister
                0x00002074        0xc build/sam_e51_cnano/production/_ext/1220132503/plib_rtc_timer.o
                0x00002074                RTC_Timer32CallbackRegister

.text.DplBrk_SetBrake%109
                0x00002080        0xc
 .text.DplBrk_SetBrake
                0x00002080        0xc build/sam_e51_cnano/production/_ext/570918426/DplBrk.o
                0x00002080                DplBrk_SetBrake

.text.DplBrk_GetBrake%110
                0x0000208c        0xc
 .text.DplBrk_GetBrake
                0x0000208c        0xc build/sam_e51_cnano/production/_ext/570918426/DplBrk.o
                0x0000208c                DplBrk_GetBrake

.text._cleanup_r%111
                0x00002098        0xc
 .text._cleanup_r
                0x00002098        0xc c:/program files/microchip/xc32/v3.01/bin/bin/../../lib/gcc/pic32c/8.3.1/../../../../pic32c/lib/thumb/v7e-m+fp/hard\libc_nano.a(lib_a-findfp.o)
                0x00002098                _cleanup_r

.text.__locale_mb_cur_max%112
                0x000020a4        0xc
 .text.__locale_mb_cur_max
                0x000020a4        0xc c:/program files/microchip/xc32/v3.01/bin/bin/../../lib/gcc/pic32c/8.3.1/../../../../pic32c/lib/thumb/v7e-m+fp/hard\libc_nano.a(lib_a-locale.o)
                0x000020a4                __locale_mb_cur_max

.text.fstat%113
                0x000020b0        0xc
 .text.fstat    0x000020b0        0xc c:/program files/microchip/xc32/v3.01/bin/bin/../../lib/gcc/pic32c/8.3.1/../../../../pic32c/lib/thumb/v7e-m+fp/hard\libpic32c.a(fstat.o)
                0x000020b0                fstat

.rodata%114     0x000020bc        0xb
 .rodata        0x000020bc        0xb c:/program files/microchip/xc32/v3.01/bin/bin/../../lib/gcc/pic32c/8.3.1/../../../../pic32c/lib/thumb/v7e-m+fp/hard\libc_nano.a(lib_a-locale.o)

.text.DMAC_0_InterruptHandler%115
                0x000020c8        0xa
 .text.DMAC_0_InterruptHandler
                0x000020c8        0xa build/sam_e51_cnano/production/_ext/831021835/plib_dmac.o
                0x000020c8                DMAC_0_InterruptHandler

.text.DplBrk_Init%116
                0x000020d2        0xa
 .text.DplBrk_Init
                0x000020d2        0xa build/sam_e51_cnano/production/_ext/570918426/DplBrk.o
                0x000020d2                DplBrk_Init

.text.__sclose%117
                0x00001158        0x8
 .text.__sclose
                0x00001158        0x8 c:/program files/microchip/xc32/v3.01/bin/bin/../../lib/gcc/pic32c/8.3.1/../../../../pic32c/lib/thumb/v7e-m+fp/hard\libc_nano.a(lib_a-stdio.o)
                0x00001158                __sclose

.text.close%118
                0x000020dc        0x8
 .text.close    0x000020dc        0x8 c:/program files/microchip/xc32/v3.01/bin/bin/../../lib/gcc/pic32c/8.3.1/../../../../pic32c/lib/thumb/v7e-m+fp/hard\libpic32c.a(close.o)
                0x000020dc                close

.text.PORT_GroupRead%119
                0x000020e4        0x4
 .text.PORT_GroupRead
                0x000020e4        0x4 build/sam_e51_cnano/production/_ext/830661877/plib_port.o
                0x000020e4                PORT_GroupRead

.text._mon_getc%120